Archive member included because of file (symbol)

/home/william/AM335X_StarterWare_02_00_01_01/binary/armv7a/gcc/am335x/drivers/Debug/libdrivers.a(dmtimer.o)
                              Debug/timer.o (DMTimerEnable)
/home/william/AM335X_StarterWare_02_00_01_01/binary/armv7a/gcc/am335x/drivers/Debug/libdrivers.a(gpio_v2.o)
                              Debug/leds.o (GPIOModuleReset)
/home/william/AM335X_StarterWare_02_00_01_01/binary/armv7a/gcc/am335x/drivers/Debug/libdrivers.a(uart_irda_cir.o)
                              Debug/serial.o (UARTOperatingModeSelect)
/home/william/AM335X_StarterWare_02_00_01_01/binary/armv7a/gcc/am335x/drivers/Debug/libdrivers.a(watchdog.o)
                              Debug/wdtimer.o (WatchdogTimerEnable)
/home/william/AM335X_StarterWare_02_00_01_01/binary/armv7a/gcc/utils/Debug/libutils.a(consoleUtils.o)
                              Debug/serial.o (ConsoleUtilsSetType)
/home/william/AM335X_StarterWare_02_00_01_01/binary/armv7a/gcc/utils/Debug/libutils.a(uartStdio.o)
                              /home/william/AM335X_StarterWare_02_00_01_01/binary/armv7a/gcc/utils/Debug/libutils.a(consoleUtils.o) (UARTStdioInit)
/home/william/AM335X_StarterWare_02_00_01_01/binary/armv7a/gcc/utils/Debug/libutils.a(ascii.o)
                              /home/william/AM335X_StarterWare_02_00_01_01/binary/armv7a/gcc/utils/Debug/libutils.a(uartStdio.o) (ASCIIToDigit)
/home/william/AM335X_StarterWare_02_00_01_01/binary/armv7a/gcc/am335x/beaglebone/platform/Debug/libplatform.a(dmtimer.o)
                              Debug/timer.o (DMTimer2ModuleClkConfig)
/home/william/AM335X_StarterWare_02_00_01_01/binary/armv7a/gcc/am335x/beaglebone/platform/Debug/libplatform.a(gpio.o)
                              Debug/leds.o (GPIO1ModuleClkConfig)
/home/william/AM335X_StarterWare_02_00_01_01/binary/armv7a/gcc/am335x/beaglebone/platform/Debug/libplatform.a(uart.o)
                              Debug/serial.o (UARTPinMuxSetup)
/home/william/AM335X_StarterWare_02_00_01_01/binary/armv7a/gcc/am335x/beaglebone/platform/Debug/libplatform.a(uartConsole.o)
                              /home/william/AM335X_StarterWare_02_00_01_01/binary/armv7a/gcc/utils/Debug/libutils.a(uartStdio.o) (UARTConsoleInit)
/home/william/AM335X_StarterWare_02_00_01_01/binary/armv7a/gcc/am335x/beaglebone/platform/Debug/libplatform.a(watchdog.o)
                              Debug/wdtimer.o (WatchdogTimer1ModuleClkConfig)
/home/william/AM335X_StarterWare_02_00_01_01/binary/armv7a/gcc/am335x/system_config/Debug/libsystem_config.a(init.o)
                              (Entry)
/home/william/AM335X_StarterWare_02_00_01_01/binary/armv7a/gcc/am335x/system_config/Debug/libsystem_config.a(interrupt.o)
                              Debug/serial.o (IntRegister)
/home/william/AM335X_StarterWare_02_00_01_01/binary/armv7a/gcc/am335x/system_config/Debug/libsystem_config.a(startup.o)
                              /home/william/AM335X_StarterWare_02_00_01_01/binary/armv7a/gcc/am335x/system_config/Debug/libsystem_config.a(init.o) (start_boot)
/home/william/AM335X_StarterWare_02_00_01_01/binary/armv7a/gcc/am335x/system_config/Debug/libsystem_config.a(cp15.o)
                              /home/william/AM335X_StarterWare_02_00_01_01/binary/armv7a/gcc/am335x/system_config/Debug/libsystem_config.a(startup.o) (CP15VectorBaseAddrSet)
/home/william/AM335X_StarterWare_02_00_01_01/binary/armv7a/gcc/am335x/system_config/Debug/libsystem_config.a(cpu.o)
                              /home/william/AM335X_StarterWare_02_00_01_01/binary/armv7a/gcc/am335x/system_config/Debug/libsystem_config.a(interrupt.o) (CPUIntStatus)
/home/william/AM335X_StarterWare_02_00_01_01/binary/armv7a/gcc/am335x/system_config/Debug/libsystem_config.a(exceptionhandler.o)
                              /home/william/AM335X_StarterWare_02_00_01_01/binary/armv7a/gcc/am335x/system_config/Debug/libsystem_config.a(startup.o) (IRQHandler)
/home/william/cmpt433/linaro-gcc/gcc-arm-none-eabi-4_7-2012q4/lib/gcc/arm-none-eabi/4.7.3//libgcc.a(_udivsi3.o)
                              (__aeabi_uidiv)
/home/william/cmpt433/linaro-gcc/gcc-arm-none-eabi-4_7-2012q4/lib/gcc/arm-none-eabi/4.7.3//libgcc.a(_divsi3.o)
                              (__aeabi_idiv)
/home/william/cmpt433/linaro-gcc/gcc-arm-none-eabi-4_7-2012q4/lib/gcc/arm-none-eabi/4.7.3//libgcc.a(_dvmd_tls.o)
                              /home/william/cmpt433/linaro-gcc/gcc-arm-none-eabi-4_7-2012q4/lib/gcc/arm-none-eabi/4.7.3//libgcc.a(_udivsi3.o) (__aeabi_idiv0)

Allocating common symbols
Common symbol       size              file

fnRAMVectors        0x200             /home/william/AM335X_StarterWare_02_00_01_01/binary/armv7a/gcc/am335x/system_config/Debug/libsystem_config.a(interrupt.o)

Discarded input sections

 .text          0x00000000        0x0 Debug/leds.o
 .data          0x00000000        0x0 Debug/leds.o
 .bss           0x00000000        0x0 Debug/leds.o
 .text.Leds_init
                0x00000000       0xb0 Debug/leds.o
[...]
Memory Configuration

Name             Origin             Length             Attributes
DDR0             0x80000000         0x10000000
*default*        0x00000000         0xffffffff

Linker script and memory map

LOAD Debug/leds.o
LOAD Debug/lightBouncer.o
LOAD Debug/main.o
LOAD Debug/serial.o
LOAD Debug/timer.o
LOAD Debug/wdtimer.o
LOAD /home/william/AM335X_StarterWare_02_00_01_01/binary/armv7a/gcc/am335x/drivers/Debug/libdrivers.a
LOAD /home/william/AM335X_StarterWare_02_00_01_01/binary/armv7a/gcc/utils/Debug/libutils.a
LOAD /home/william/AM335X_StarterWare_02_00_01_01/binary/armv7a/gcc/am335x/beaglebone/platform/Debug/libplatform.a
LOAD /home/william/AM335X_StarterWare_02_00_01_01/binary/armv7a/gcc/am335x/system_config/Debug/libsystem_config.a
LOAD /home/william/cmpt433/linaro-gcc/gcc-arm-none-eabi-4_7-2012q4/arm-none-eabi/lib//libc.a
LOAD /home/william/cmpt433/linaro-gcc/gcc-arm-none-eabi-4_7-2012q4/lib/gcc/arm-none-eabi/4.7.3//libgcc.a
LOAD /home/william/AM335X_StarterWare_02_00_01_01/binary/armv7a/gcc/am335x/drivers/Debug/libdrivers.a
LOAD /home/william/AM335X_StarterWare_02_00_01_01/binary/armv7a/gcc/utils/Debug/libutils.a
LOAD /home/william/AM335X_StarterWare_02_00_01_01/binary/armv7a/gcc/am335x/beaglebone/platform/Debug/libplatform.a
LOAD /home/william/AM335X_StarterWare_02_00_01_01/binary/armv7a/gcc/am335x/system_config/Debug/libsystem_config.a
LOAD /home/william/cmpt433/linaro-gcc/gcc-arm-none-eabi-4_7-2012q4/arm-none-eabi/lib//libc.a
LOAD /home/william/cmpt433/linaro-gcc/gcc-arm-none-eabi-4_7-2012q4/lib/gcc/arm-none-eabi/4.7.3//libgcc.a

.startcode      0x80000000       0xbc
                0x80000000                . = ALIGN (0x4)
 *init.o(.text)
 .text          0x80000000       0xbc /home/william/AM335X_StarterWare_02_00_01_01/binary/armv7a/gcc/am335x/system_config/Debug/libsystem_config.a(init.o)
                0x80000000                Entry

.text           0x800000bc     0x3824
                0x800000bc                . = ALIGN (0x4)
 *(.text*)
 .text.LightBouncer_init
                0x800000bc       0x14 Debug/lightBouncer.o
                0x800000bc                LightBouncer_init
 .text.LightBouncer_setMessage
                0x800000d0       0x2c Debug/lightBouncer.o
                0x800000d0                LightBouncer_setMessage
 .text.LightBouncer_notifyOnTimeIsr
                0x800000fc       0x24 Debug/lightBouncer.o
                0x800000fc                LightBouncer_notifyOnTimeIsr
 .text.LightBouncer_doBackgroundWork
                0x80000120       0x9c Debug/lightBouncer.o
                0x80000120                LightBouncer_doBackgroundWork
 .text.serialRxIsrCallback
                0x800001bc       0x30 Debug/main.o
 .text.doBackgroundSerialWork
                0x800001ec      0x18c Debug/main.o
 .text.listCommands
                0x80000378       0xac Debug/main.o
 .text.printWelcomeMessage
                0x80000424       0x48 Debug/main.o
 .text.main     0x8000046c       0xec Debug/main.o
                0x8000046c                main
 .text.Serial_init
                0x80000558       0xdc Debug/serial.o
                0x80000558                Serial_init
 .text.Serial_setRxIsrCallback
                0x80000634       0x2c Debug/serial.o
                0x80000634                Serial_setRxIsrCallback
 .text.UartBaudRateSet
                0x80000660       0x5c Debug/serial.o
 .text.UartInterruptEnable
                0x800006bc       0x7c Debug/serial.o
 .text.UARTIsr  0x80000738       0xc8 Debug/serial.o
 .text.Timer_init
                0x80000800       0x7c Debug/timer.o
                0x80000800                Timer_init
 .text.Timer_isIsrFlagSet
                0x8000087c       0x28 Debug/timer.o
                0x8000087c                Timer_isIsrFlagSet
 .text.Timer_clearIsrFlag
                0x800008a4       0x24 Debug/timer.o
                0x800008a4                Timer_clearIsrFlag
 .text.Timer_setTimerIsrCallback
                0x800008c8       0x2c Debug/timer.o
                0x800008c8                Timer_setTimerIsrCallback
 .text.Timers_getWDhittingState
                0x800008f4       0x24 Debug/timer.o
                0x800008f4                Timers_getWDhittingState
 .text.Timer_stopHitingWD
                0x80000918       0x24 Debug/timer.o
                0x80000918                Timer_stopHitingWD
 .text.DMTimerIsr
                0x8000093c       0x88 Debug/timer.o
 .text.DMTimerAintcConfigure
                0x800009c4       0x4c Debug/timer.o
 .text.DMTimerSetUp
                0x80000a10       0x5c Debug/timer.o
 .text.Watchdog_init
                0x80000a6c       0x84 Debug/wdtimer.o
                0x80000a6c                Watchdog_init
 .text.Watchdog_hit
                0x80000af0       0x4c Debug/wdtimer.o
                0x80000af0                Watchdog_hit
 .text.DMTimerEnable
                0x80000b3c       0x6c /home/william/AM335X_StarterWare_02_00_01_01/binary/armv7a/gcc/am335x/drivers/Debug/libdrivers.a(dmtimer.o)
                0x80000b3c                DMTimerEnable
 .text.DMTimerModeConfigure
                0x80000ba8       0xcc /home/william/AM335X_StarterWare_02_00_01_01/binary/armv7a/gcc/am335x/drivers/Debug/libdrivers.a(dmtimer.o)
                0x80000ba8                DMTimerModeConfigure
 .text.DMTimerPreScalerClkDisable
                0x80000c74       0x6c /home/william/AM335X_StarterWare_02_00_01_01/binary/armv7a/gcc/am335x/drivers/Debug/libdrivers.a(dmtimer.o)
                0x80000c74                DMTimerPreScalerClkDisable
 .text.DMTimerCounterSet
                0x80000ce0       0x64 /home/william/AM335X_StarterWare_02_00_01_01/binary/armv7a/gcc/am335x/drivers/Debug/libdrivers.a(dmtimer.o)
                0x80000ce0                DMTimerCounterSet
 .text.DMTimerReloadSet
                0x80000d44       0x64 /home/william/AM335X_StarterWare_02_00_01_01/binary/armv7a/gcc/am335x/drivers/Debug/libdrivers.a(dmtimer.o)
                0x80000d44                DMTimerReloadSet
 .text.DMTimerIntStatusClear
                0x80000da8       0x34 /home/william/AM335X_StarterWare_02_00_01_01/binary/armv7a/gcc/am335x/drivers/Debug/libdrivers.a(dmtimer.o)
                0x80000da8                DMTimerIntStatusClear
 .text.DMTimerIntEnable
                0x80000ddc       0x34 /home/william/AM335X_StarterWare_02_00_01_01/binary/armv7a/gcc/am335x/drivers/Debug/libdrivers.a(dmtimer.o)
                0x80000ddc                DMTimerIntEnable
 .text.DMTimerIntDisable
                0x80000e10       0x34 /home/william/AM335X_StarterWare_02_00_01_01/binary/armv7a/gcc/am335x/drivers/Debug/libdrivers.a(dmtimer.o)
                0x80000e10                DMTimerIntDisable
 .text.DMTimerWritePostedStatusGet
                0x80000e44       0x2c /home/william/AM335X_StarterWare_02_00_01_01/binary/armv7a/gcc/am335x/drivers/Debug/libdrivers.a(dmtimer.o)
                0x80000e44                DMTimerWritePostedStatusGet
 .text.UARTOperatingModeSelect
                0x80000e70       0x84 /home/william/AM335X_StarterWare_02_00_01_01/binary/armv7a/gcc/am335x/drivers/Debug/libdrivers.a(uart_irda_cir.o)
                0x80000e70                UARTOperatingModeSelect
 .text.UARTDivisorValCompute
                0x80000ef4      0x104 /home/william/AM335X_StarterWare_02_00_01_01/binary/armv7a/gcc/am335x/drivers/Debug/libdrivers.a(uart_irda_cir.o)
                0x80000ef4                UARTDivisorValCompute
 .text.UARTDivisorLatchWrite
                0x80000ff8      0x210 /home/william/AM335X_StarterWare_02_00_01_01/binary/armv7a/gcc/am335x/drivers/Debug/libdrivers.a(uart_irda_cir.o)
                0x80000ff8                UARTDivisorLatchWrite
 .text.UARTDivisorLatchDisable
                0x80001208       0x38 /home/william/AM335X_StarterWare_02_00_01_01/binary/armv7a/gcc/am335x/drivers/Debug/libdrivers.a(uart_irda_cir.o)
                0x80001208                UARTDivisorLatchDisable
 .text.UARTRegConfigModeEnable
                0x80001240       0x9c /home/william/AM335X_StarterWare_02_00_01_01/binary/armv7a/gcc/am335x/drivers/Debug/libdrivers.a(uart_irda_cir.o)
                0x80001240                UARTRegConfigModeEnable
 .text.UARTBreakCtl
                0x800012dc       0x60 /home/william/AM335X_StarterWare_02_00_01_01/binary/armv7a/gcc/am335x/drivers/Debug/libdrivers.a(uart_irda_cir.o)
                0x800012dc                UARTBreakCtl
 .text.UARTLineCharacConfig
                0x8000133c       0xa4 /home/william/AM335X_StarterWare_02_00_01_01/binary/armv7a/gcc/am335x/drivers/Debug/libdrivers.a(uart_irda_cir.o)
                0x8000133c                UARTLineCharacConfig
 .text.UARTIntEnable
                0x800013e0      0x130 /home/william/AM335X_StarterWare_02_00_01_01/binary/armv7a/gcc/am335x/drivers/Debug/libdrivers.a(uart_irda_cir.o)
                0x800013e0                UARTIntEnable
 .text.UARTCharPutNonBlocking
                0x80001510       0x8c /home/william/AM335X_StarterWare_02_00_01_01/binary/armv7a/gcc/am335x/drivers/Debug/libdrivers.a(uart_irda_cir.o)
                0x80001510                UARTCharPutNonBlocking
 .text.UARTCharGetNonBlocking
                0x8000159c       0x80 /home/william/AM335X_StarterWare_02_00_01_01/binary/armv7a/gcc/am335x/drivers/Debug/libdrivers.a(uart_irda_cir.o)
                0x8000159c                UARTCharGetNonBlocking
 .text.UARTCharPut
                0x8000161c       0x78 /home/william/AM335X_StarterWare_02_00_01_01/binary/armv7a/gcc/am335x/drivers/Debug/libdrivers.a(uart_irda_cir.o)
                0x8000161c                UARTCharPut
 .text.UARTIntIdentityGet
                0x80001694       0x6c /home/william/AM335X_StarterWare_02_00_01_01/binary/armv7a/gcc/am335x/drivers/Debug/libdrivers.a(uart_irda_cir.o)
                0x80001694                UARTIntIdentityGet
 .text.UARTModuleReset
                0x80001700       0x54 /home/william/AM335X_StarterWare_02_00_01_01/binary/armv7a/gcc/am335x/drivers/Debug/libdrivers.a(uart_irda_cir.o)
                0x80001700                UARTModuleReset
 .text.WatchdogTimerEnable
                0x80001754       0x80 /home/william/AM335X_StarterWare_02_00_01_01/binary/armv7a/gcc/am335x/drivers/Debug/libdrivers.a(watchdog.o)
                0x80001754                WatchdogTimerEnable
 .text.WatchdogTimerDisable
                0x800017d4       0x80 /home/william/AM335X_StarterWare_02_00_01_01/binary/armv7a/gcc/am335x/drivers/Debug/libdrivers.a(watchdog.o)
                0x800017d4                WatchdogTimerDisable
 .text.WatchdogTimerReset
                0x80001854       0x54 /home/william/AM335X_StarterWare_02_00_01_01/binary/armv7a/gcc/am335x/drivers/Debug/libdrivers.a(watchdog.o)
                0x80001854                WatchdogTimerReset
 .text.WatchdogTimerPreScalerClkDisable
                0x800018a8       0x58 /home/william/AM335X_StarterWare_02_00_01_01/binary/armv7a/gcc/am335x/drivers/Debug/libdrivers.a(watchdog.o)
                0x800018a8                WatchdogTimerPreScalerClkDisable
 .text.WatchdogTimerReloadSet
                0x80001900       0x50 /home/william/AM335X_StarterWare_02_00_01_01/binary/armv7a/gcc/am335x/drivers/Debug/libdrivers.a(watchdog.o)
                0x80001900                WatchdogTimerReloadSet
 .text.WatchdogTimerTriggerSet
                0x80001950       0x50 /home/william/AM335X_StarterWare_02_00_01_01/binary/armv7a/gcc/am335x/drivers/Debug/libdrivers.a(watchdog.o)
                0x80001950                WatchdogTimerTriggerSet
 .text.WatchdogTimerWritePostedStatusGet
                0x800019a0       0x38 /home/william/AM335X_StarterWare_02_00_01_01/binary/armv7a/gcc/am335x/drivers/Debug/libdrivers.a(watchdog.o)
                0x800019a0                WatchdogTimerWritePostedStatusGet
 .text.ConsoleUtilsSetType
                0x800019d8       0x54 /home/william/AM335X_StarterWare_02_00_01_01/binary/armv7a/gcc/utils/Debug/libutils.a(consoleUtils.o)
                0x800019d8                ConsoleUtilsSetType
 .text.ConsoleUtilsPrintf
                0x80001a2c       0x6c /home/william/AM335X_StarterWare_02_00_01_01/binary/armv7a/gcc/utils/Debug/libutils.a(consoleUtils.o)
                0x80001a2c                ConsoleUtilsPrintf
 .text.ConsoleUtilsPutChar
                0x80001a98       0x60 /home/william/AM335X_StarterWare_02_00_01_01/binary/armv7a/gcc/utils/Debug/libutils.a(consoleUtils.o)
                0x80001a98                ConsoleUtilsPutChar
 .text.UARTPuts
                0x80001af8       0xec /home/william/AM335X_StarterWare_02_00_01_01/binary/armv7a/gcc/utils/Debug/libutils.a(uartStdio.o)
                0x80001af8                UARTPuts
 .text.UARTPutc
                0x80001be4       0x30 /home/william/AM335X_StarterWare_02_00_01_01/binary/armv7a/gcc/utils/Debug/libutils.a(uartStdio.o)
                0x80001be4                UARTPutc
 .text.UARTwrite
                0x80001c14       0x94 /home/william/AM335X_StarterWare_02_00_01_01/binary/armv7a/gcc/utils/Debug/libutils.a(uartStdio.o)
                0x80001c14                UARTwrite
 .text.UARTPrintf
                0x80001ca8      0x6ac /home/william/AM335X_StarterWare_02_00_01_01/binary/armv7a/gcc/utils/Debug/libutils.a(uartStdio.o)
                0x80001ca8                UARTPrintf
 .text.DMTimer2ModuleClkConfig
                0x80002354      0x260 /home/william/AM335X_StarterWare_02_00_01_01/binary/armv7a/gcc/am335x/beaglebone/platform/Debug/libplatform.a(dmtimer.o)
                0x80002354                DMTimer2ModuleClkConfig
 .text.UARTPinMuxSetup
                0x800025b4       0x48 /home/william/AM335X_StarterWare_02_00_01_01/binary/armv7a/gcc/am335x/beaglebone/platform/Debug/libplatform.a(uart.o)
                0x800025b4                UARTPinMuxSetup
 .text.UART0ModuleClkConfig
                0x800025fc      0x35c /home/william/AM335X_StarterWare_02_00_01_01/binary/armv7a/gcc/am335x/beaglebone/platform/Debug/libplatform.a(uart.o)
                0x800025fc                UART0ModuleClkConfig
 .text.UARTConsolePutc
                0x80002958       0x38 /home/william/AM335X_StarterWare_02_00_01_01/binary/armv7a/gcc/am335x/beaglebone/platform/Debug/libplatform.a(uartConsole.o)
                0x80002958                UARTConsolePutc
 .text.WatchdogTimer1ModuleClkConfig
                0x80002990      0x248 /home/william/AM335X_StarterWare_02_00_01_01/binary/armv7a/gcc/am335x/beaglebone/platform/Debug/libplatform.a(watchdog.o)
                0x80002990                WatchdogTimer1ModuleClkConfig
 .text.IntDefaultHandler
                0x80002bd8       0x14 /home/william/AM335X_StarterWare_02_00_01_01/binary/armv7a/gcc/am335x/system_config/Debug/libsystem_config.a(interrupt.o)
 .text.IntRegister
                0x80002bec       0x34 /home/william/AM335X_StarterWare_02_00_01_01/binary/armv7a/gcc/am335x/system_config/Debug/libsystem_config.a(interrupt.o)
                0x80002bec                IntRegister
 .text.IntAINTCInit
                0x80002c20       0x90 /home/william/AM335X_StarterWare_02_00_01_01/binary/armv7a/gcc/am335x/system_config/Debug/libsystem_config.a(interrupt.o)
                0x80002c20                IntAINTCInit
 .text.IntPrioritySet
                0x80002cb0       0x50 /home/william/AM335X_StarterWare_02_00_01_01/binary/armv7a/gcc/am335x/system_config/Debug/libsystem_config.a(interrupt.o)
                0x80002cb0                IntPrioritySet
 .text.IntSystemEnable
                0x80002d00       0x4c /home/william/AM335X_StarterWare_02_00_01_01/binary/armv7a/gcc/am335x/system_config/Debug/libsystem_config.a(interrupt.o)
                0x80002d00                IntSystemEnable
 .text.IntMasterIRQEnable
                0x80002d4c       0x18 /home/william/AM335X_StarterWare_02_00_01_01/binary/armv7a/gcc/am335x/system_config/Debug/libsystem_config.a(interrupt.o)
                0x80002d4c                IntMasterIRQEnable
 .text.start_boot
                0x80002d64       0x24 /home/william/AM335X_StarterWare_02_00_01_01/binary/armv7a/gcc/am335x/system_config/Debug/libsystem_config.a(startup.o)
                0x80002d64                start_boot
 .text.CopyVectorTable
                0x80002d88       0x98 /home/william/AM335X_StarterWare_02_00_01_01/binary/armv7a/gcc/am335x/system_config/Debug/libsystem_config.a(startup.o)
 .text          0x80002e20      0x488 /home/william/AM335X_StarterWare_02_00_01_01/binary/armv7a/gcc/am335x/system_config/Debug/libsystem_config.a(cp15.o)
                0x80002e20                CP15ICacheDisable
                0x80002e3c                CP15DCacheDisable
                0x80002e58                CP15ICacheEnable
                0x80002e68                CP15DCacheEnable
                0x80002e78                CP15DCacheFlush
                0x80002f0c                CP15DCacheClean
                0x80002fa0                CP15DCacheCleanFlush
                0x80003034                CP15ICacheFlush
                0x80003044                CP15DCacheCleanBuff
                0x80003098                CP15DCacheCleanFlushBuff
                0x800030ec                CP15DCacheFlushBuff
                0x80003150                CP15ICacheFlushBuff
                0x800031a4                CP15Ttb0Set
                0x800031b0                CP15TlbInvalidate
                0x800031bc                CP15MMUDisable
                0x800031d4                CP15MMUEnable
                0x800031e8                CP15VectorBaseAddrSet
                0x800031f4                CP15BranchPredictorInvalidate
                0x80003200                CP15BranchPredictionEnable
                0x80003210                CP15BranchPredictionDisable
                0x80003220                CP15DomainAccessClientSet
                0x80003230                CP15ControlFeatureDisable
                0x80003244                CP15ControlFeatureEnable
                0x80003258                CP15TtbCtlTtb0Config
                0x80003268                CP15AuxControlFeatureEnable
                0x8000327c                CP15AuxControlFeatureDisable
                0x80003290                CP15MainIdPrimPartNumGet
 .text.CPUirqe  0x800032a8       0x24 /home/william/AM335X_StarterWare_02_00_01_01/binary/armv7a/gcc/am335x/system_config/Debug/libsystem_config.a(cpu.o)
                0x800032a8                CPUirqe
 .text          0x800032cc       0xf0 /home/william/AM335X_StarterWare_02_00_01_01/binary/armv7a/gcc/am335x/system_config/Debug/libsystem_config.a(exceptionhandler.o)
                0x800032cc                SVC_Handler
                0x800032f4                IRQHandler
                0x800033a0                FIQHandler
                0x800033a4                UndefInstHandler
                0x800033a4                AbortHandler
 .text          0x800033bc      0x114 /home/william/cmpt433/linaro-gcc/gcc-arm-none-eabi-4_7-2012q4/lib/gcc/arm-none-eabi/4.7.3//libgcc.a(_udivsi3.o)
                0x800033bc                __udivsi3
                0x800033bc                __aeabi_uidiv
                0x800034b0                __aeabi_uidivmod
 .text          0x800034d0      0x148 /home/william/cmpt433/linaro-gcc/gcc-arm-none-eabi-4_7-2012q4/lib/gcc/arm-none-eabi/4.7.3//libgcc.a(_divsi3.o)
                0x800034d0                __aeabi_idiv
                0x800034d0                __divsi3
                0x800035f8                __aeabi_idivmod
 .text          0x80003618        0x4 /home/william/cmpt433/linaro-gcc/gcc-arm-none-eabi-4_7-2012q4/lib/gcc/arm-none-eabi/4.7.3//libgcc.a(_dvmd_tls.o)
                0x80003618                __aeabi_ldiv0
                0x80003618                __aeabi_idiv0
 *(.rodata*)
 .rodata        0x8000361c      0x1d4 Debug/main.o
 .rodata        0x800037f0       0x50 /home/william/AM335X_StarterWare_02_00_01_01/binary/armv7a/gcc/utils/Debug/libutils.a(consoleUtils.o)
 .rodata        0x80003840       0x60 /home/william/AM335X_StarterWare_02_00_01_01/binary/armv7a/gcc/utils/Debug/libutils.a(uartStdio.o)
 .rodata.g_pcHex
                0x800038a0        0x4 /home/william/AM335X_StarterWare_02_00_01_01/binary/armv7a/gcc/utils/Debug/libutils.a(uartStdio.o)
 .rodata.AM335X_VECTOR_BASE
                0x800038a4        0x4 /home/william/AM335X_StarterWare_02_00_01_01/binary/armv7a/gcc/am335x/system_config/Debug/libsystem_config.a(startup.o)
                0x800038a4                AM335X_VECTOR_BASE
 .rodata.vecTbl
                0x800038a8       0x38 /home/william/AM335X_StarterWare_02_00_01_01/binary/armv7a/gcc/am335x/system_config/Debug/libsystem_config.a(startup.o)

.glue_7         0x800038e0        0x0
 .glue_7        0x00000000        0x0 linker stubs

.glue_7t        0x800038e0        0x0
 .glue_7t       0x00000000        0x0 linker stubs

.vfp11_veneer   0x800038e0        0x0
 .vfp11_veneer  0x00000000        0x0 linker stubs

.v4_bx          0x800038e0        0x0
 .v4_bx         0x00000000        0x0 linker stubs

.iplt           0x800038e0        0x0
 .iplt          0x00000000        0x0 Debug/leds.o

.rel.dyn        0x800038e0        0x0
 .rel.iplt      0x00000000        0x0 Debug/leds.o

.data           0x800038e0       0xa1
                0x800038e0                . = ALIGN (0x4)
 *(.data*)
 .data.__compound_literal.0
                0x800038e0       0x30 Debug/main.o
 .data.__compound_literal.1
                0x80003910       0x40 Debug/main.o
 .data.__compound_literal.2
                0x80003950       0x24 Debug/main.o
 .data.jokes    0x80003974        0xc Debug/main.o
 .data.hittingWD
                0x80003980        0x1 Debug/timer.o

.igot.plt       0x80003984        0x0
 .igot.plt      0x00000000        0x0 Debug/leds.o

.bss            0x80003984      0x224
                0x80003984                . = ALIGN (0x4)
                0x80003984                _bss_start = .
 *(.bss*)
 .bss.s_isTimeToPrintChar
                0x80003984        0x1 Debug/lightBouncer.o
 *fill*         0x80003985        0x3 00
 .bss.s_message
                0x80003988        0x4 Debug/lightBouncer.o
 .bss.s_curJoke
                0x8000398c        0x4 Debug/main.o
 .bss.s_rxByte  0x80003990        0x1 Debug/main.o
 *fill*         0x80003991        0x3 00
 .bss.g_rxIsrCallback
                0x80003994        0x4 Debug/serial.o
 .bss.s_flagIsr
                0x80003998        0x1 Debug/timer.o
 *fill*         0x80003999        0x3 00
 .bss.s_isrCallback
                0x8000399c        0x4 Debug/timer.o
 .bss.triggerCounter.4167
                0x800039a0        0x4 Debug/wdtimer.o
 .bss.ConsoleType
                0x800039a4        0x1 /home/william/AM335X_StarterWare_02_00_01_01/binary/armv7a/gcc/utils/Debug/libutils.a(consoleUtils.o)
 *(COMMON)
 *fill*         0x800039a5        0x3 00
 COMMON         0x800039a8      0x200 /home/william/AM335X_StarterWare_02_00_01_01/binary/armv7a/gcc/am335x/system_config/Debug/libsystem_config.a(interrupt.o)
                0x800039a8                fnRAMVectors
                0x80003ba8                _bss_end = .

.heap           0x80003ba8      0x800
                0x80003ba8                . = ALIGN (0x4)
                0x80003ba8                __end__ = .
                0x80003ba8                end = __end__
                0x80003ba8                __HeapBase = __end__
 *(.heap*)
                0x800043a8                . = (. + 0x800)
 *fill*         0x80003ba8      0x800 00
                0x800043a8                __HeapLimit = .

.stack          0x800043a8  0x7fffff8
                0x800043a8                . = ALIGN (0x4)
                0x800043a8                __StackLimit = .
 *(.stack*)
                0x880043a0                . = (. + 0x7fffff8)
 *fill*         0x800043a8  0x7fffff8 00
                0x880043a0                __StackTop = .
                0x880043a0                _stack = __StackTop
OUTPUT(Debug/lightBouncer.out elf32-littlearm)

.debug_info     0x00000000     0x3954
 .debug_info    0x00000000       0xd5 Debug/lightBouncer.o
 .debug_info    0x000000d5      0x158 Debug/main.o
 .debug_info    0x0000022d      0x180 Debug/serial.o
 .debug_info    0x000003ad      0x19c Debug/timer.o
 .debug_info    0x00000549       0xa9 Debug/wdtimer.o
 .debug_info    0x000005f2      0x5d0 /home/william/AM335X_StarterWare_02_00_01_01/binary/armv7a/gcc/am335x/drivers/Debug/libdrivers.a(dmtimer.o)
 .debug_info    0x00000bc2     0x14ab /home/william/AM335X_StarterWare_02_00_01_01/binary/armv7a/gcc/am335x/drivers/Debug/libdrivers.a(uart_irda_cir.o)
 .debug_info    0x0000206d      0x45c /home/william/AM335X_StarterWare_02_00_01_01/binary/armv7a/gcc/am335x/drivers/Debug/libdrivers.a(watchdog.o)
 .debug_info    0x000024c9      0x29a /home/william/AM335X_StarterWare_02_00_01_01/binary/armv7a/gcc/utils/Debug/libutils.a(consoleUtils.o)
 .debug_info    0x00002763      0x69a /home/william/AM335X_StarterWare_02_00_01_01/binary/armv7a/gcc/utils/Debug/libutils.a(uartStdio.o)
 .debug_info    0x00002dfd       0xd3 /home/william/AM335X_StarterWare_02_00_01_01/binary/armv7a/gcc/am335x/beaglebone/platform/Debug/libplatform.a(dmtimer.o)
 .debug_info    0x00002ed0       0x7e /home/william/AM335X_StarterWare_02_00_01_01/binary/armv7a/gcc/am335x/beaglebone/platform/Debug/libplatform.a(uart.o)
 .debug_info    0x00002f4e      0x156 /home/william/AM335X_StarterWare_02_00_01_01/binary/armv7a/gcc/am335x/beaglebone/platform/Debug/libplatform.a(uartConsole.o)
 .debug_info    0x000030a4       0x55 /home/william/AM335X_StarterWare_02_00_01_01/binary/armv7a/gcc/am335x/beaglebone/platform/Debug/libplatform.a(watchdog.o)
 .debug_info    0x000030f9       0xab /home/william/AM335X_StarterWare_02_00_01_01/binary/armv7a/gcc/am335x/system_config/Debug/libsystem_config.a(init.o)
 .debug_info    0x000031a4      0x46f /home/william/AM335X_StarterWare_02_00_01_01/binary/armv7a/gcc/am335x/system_config/Debug/libsystem_config.a(interrupt.o)
 .debug_info    0x00003613       0xe0 /home/william/AM335X_StarterWare_02_00_01_01/binary/armv7a/gcc/am335x/system_config/Debug/libsystem_config.a(startup.o)
 .debug_info    0x000036f3       0xab /home/william/AM335X_StarterWare_02_00_01_01/binary/armv7a/gcc/am335x/system_config/Debug/libsystem_config.a(cp15.o)
 .debug_info    0x0000379e       0xf8 /home/william/AM335X_StarterWare_02_00_01_01/binary/armv7a/gcc/am335x/system_config/Debug/libsystem_config.a(cpu.o)
 .debug_info    0x00003896       0xbe /home/william/AM335X_StarterWare_02_00_01_01/binary/armv7a/gcc/am335x/system_config/Debug/libsystem_config.a(exceptionhandler.o)

.debug_abbrev   0x00000000      0xeb9
 .debug_abbrev  0x00000000       0xa0 Debug/lightBouncer.o
 .debug_abbrev  0x000000a0       0xc1 Debug/main.o
 .debug_abbrev  0x00000161       0xf1 Debug/serial.o
 .debug_abbrev  0x00000252       0xdb Debug/timer.o
 .debug_abbrev  0x0000032d       0x7a Debug/wdtimer.o
 .debug_abbrev  0x000003a7      0x122 /home/william/AM335X_StarterWare_02_00_01_01/binary/armv7a/gcc/am335x/drivers/Debug/libdrivers.a(dmtimer.o)
 .debug_abbrev  0x000004c9      0x14e /home/william/AM335X_StarterWare_02_00_01_01/binary/armv7a/gcc/am335x/drivers/Debug/libdrivers.a(uart_irda_cir.o)
 .debug_abbrev  0x00000617      0x108 /home/william/AM335X_StarterWare_02_00_01_01/binary/armv7a/gcc/am335x/drivers/Debug/libdrivers.a(watchdog.o)
 .debug_abbrev  0x0000071f      0x156 /home/william/AM335X_StarterWare_02_00_01_01/binary/armv7a/gcc/utils/Debug/libutils.a(consoleUtils.o)
 .debug_abbrev  0x00000875      0x186 /home/william/AM335X_StarterWare_02_00_01_01/binary/armv7a/gcc/utils/Debug/libutils.a(uartStdio.o)
 .debug_abbrev  0x000009fb       0x7a /home/william/AM335X_StarterWare_02_00_01_01/binary/armv7a/gcc/am335x/beaglebone/platform/Debug/libplatform.a(dmtimer.o)
 .debug_abbrev  0x00000a75       0x62 /home/william/AM335X_StarterWare_02_00_01_01/binary/armv7a/gcc/am335x/beaglebone/platform/Debug/libplatform.a(uart.o)
 .debug_abbrev  0x00000ad7       0xa3 /home/william/AM335X_StarterWare_02_00_01_01/binary/armv7a/gcc/am335x/beaglebone/platform/Debug/libplatform.a(uartConsole.o)
 .debug_abbrev  0x00000b7a       0x39 /home/william/AM335X_StarterWare_02_00_01_01/binary/armv7a/gcc/am335x/beaglebone/platform/Debug/libplatform.a(watchdog.o)
 .debug_abbrev  0x00000bb3       0x14 /home/william/AM335X_StarterWare_02_00_01_01/binary/armv7a/gcc/am335x/system_config/Debug/libsystem_config.a(init.o)
 .debug_abbrev  0x00000bc7      0x1c2 /home/william/AM335X_StarterWare_02_00_01_01/binary/armv7a/gcc/am335x/system_config/Debug/libsystem_config.a(interrupt.o)
 .debug_abbrev  0x00000d89       0xa4 /home/william/AM335X_StarterWare_02_00_01_01/binary/armv7a/gcc/am335x/system_config/Debug/libsystem_config.a(startup.o)
 .debug_abbrev  0x00000e2d       0x14 /home/william/AM335X_StarterWare_02_00_01_01/binary/armv7a/gcc/am335x/system_config/Debug/libsystem_config.a(cp15.o)
 .debug_abbrev  0x00000e41       0x64 /home/william/AM335X_StarterWare_02_00_01_01/binary/armv7a/gcc/am335x/system_config/Debug/libsystem_config.a(cpu.o)
 .debug_abbrev  0x00000ea5       0x14 /home/william/AM335X_StarterWare_02_00_01_01/binary/armv7a/gcc/am335x/system_config/Debug/libsystem_config.a(exceptionhandler.o)

.debug_loc      0x00000000     0x26d0
 .debug_loc     0x00000000       0xb0 Debug/lightBouncer.o
 .debug_loc     0x000000b0       0xdc Debug/main.o
 .debug_loc     0x0000018c       0xdc Debug/serial.o
 .debug_loc     0x00000268      0x18c Debug/timer.o
 .debug_loc     0x000003f4       0x84 Debug/wdtimer.o
 .debug_loc     0x00000478      0x478 /home/william/AM335X_StarterWare_02_00_01_01/binary/armv7a/gcc/am335x/drivers/Debug/libdrivers.a(dmtimer.o)
 .debug_loc     0x000008f0      0xcb8 /home/william/AM335X_StarterWare_02_00_01_01/binary/armv7a/gcc/am335x/drivers/Debug/libdrivers.a(uart_irda_cir.o)
 .debug_loc     0x000015a8      0x39c /home/william/AM335X_StarterWare_02_00_01_01/binary/armv7a/gcc/am335x/drivers/Debug/libdrivers.a(watchdog.o)
 .debug_loc     0x00001944      0x178 /home/william/AM335X_StarterWare_02_00_01_01/binary/armv7a/gcc/utils/Debug/libutils.a(consoleUtils.o)
 .debug_loc     0x00001abc      0x274 /home/william/AM335X_StarterWare_02_00_01_01/binary/armv7a/gcc/utils/Debug/libutils.a(uartStdio.o)
 .debug_loc     0x00001d30      0x108 /home/william/AM335X_StarterWare_02_00_01_01/binary/armv7a/gcc/am335x/beaglebone/platform/Debug/libplatform.a(dmtimer.o)
 .debug_loc     0x00001e38       0x58 /home/william/AM335X_StarterWare_02_00_01_01/binary/armv7a/gcc/am335x/beaglebone/platform/Debug/libplatform.a(uart.o)
 .debug_loc     0x00001e90      0x108 /home/william/AM335X_StarterWare_02_00_01_01/binary/armv7a/gcc/am335x/beaglebone/platform/Debug/libplatform.a(uartConsole.o)
 .debug_loc     0x00001f98       0x2c /home/william/AM335X_StarterWare_02_00_01_01/binary/armv7a/gcc/am335x/beaglebone/platform/Debug/libplatform.a(watchdog.o)
 .debug_loc     0x00001fc4      0x554 /home/william/AM335X_StarterWare_02_00_01_01/binary/armv7a/gcc/am335x/system_config/Debug/libsystem_config.a(interrupt.o)
 .debug_loc     0x00002518       0x58 /home/william/AM335X_StarterWare_02_00_01_01/binary/armv7a/gcc/am335x/system_config/Debug/libsystem_config.a(startup.o)
 .debug_loc     0x00002570      0x160 /home/william/AM335X_StarterWare_02_00_01_01/binary/armv7a/gcc/am335x/system_config/Debug/libsystem_config.a(cpu.o)

.debug_aranges  0x00000000      0x900
 .debug_aranges
                0x00000000       0x38 Debug/lightBouncer.o
 .debug_aranges
                0x00000038       0x40 Debug/main.o
 .debug_aranges
                0x00000078       0x40 Debug/serial.o
 .debug_aranges
                0x000000b8       0x60 Debug/timer.o
 .debug_aranges
                0x00000118       0x30 Debug/wdtimer.o
 .debug_aranges
                0x00000148       0xe8 /home/william/AM335X_StarterWare_02_00_01_01/binary/armv7a/gcc/am335x/drivers/Debug/libdrivers.a(dmtimer.o)
 .debug_aranges
                0x00000230      0x268 /home/william/AM335X_StarterWare_02_00_01_01/binary/armv7a/gcc/am335x/drivers/Debug/libdrivers.a(uart_irda_cir.o)
 .debug_aranges
                0x00000498       0xc0 /home/william/AM335X_StarterWare_02_00_01_01/binary/armv7a/gcc/am335x/drivers/Debug/libdrivers.a(watchdog.o)
 .debug_aranges
                0x00000558       0x58 /home/william/AM335X_StarterWare_02_00_01_01/binary/armv7a/gcc/utils/Debug/libutils.a(consoleUtils.o)
 .debug_aranges
                0x000005b0       0x88 /home/william/AM335X_StarterWare_02_00_01_01/binary/armv7a/gcc/utils/Debug/libutils.a(uartStdio.o)
 .debug_aranges
                0x00000638       0x48 /home/william/AM335X_StarterWare_02_00_01_01/binary/armv7a/gcc/am335x/beaglebone/platform/Debug/libplatform.a(dmtimer.o)
 .debug_aranges
                0x00000680       0x28 /home/william/AM335X_StarterWare_02_00_01_01/binary/armv7a/gcc/am335x/beaglebone/platform/Debug/libplatform.a(uart.o)
 .debug_aranges
                0x000006a8       0x48 /home/william/AM335X_StarterWare_02_00_01_01/binary/armv7a/gcc/am335x/beaglebone/platform/Debug/libplatform.a(uartConsole.o)
 .debug_aranges
                0x000006f0       0x20 /home/william/AM335X_StarterWare_02_00_01_01/binary/armv7a/gcc/am335x/beaglebone/platform/Debug/libplatform.a(watchdog.o)
 .debug_aranges
                0x00000710       0x20 /home/william/AM335X_StarterWare_02_00_01_01/binary/armv7a/gcc/am335x/system_config/Debug/libsystem_config.a(init.o)
 .debug_aranges
                0x00000730      0x110 /home/william/AM335X_StarterWare_02_00_01_01/binary/armv7a/gcc/am335x/system_config/Debug/libsystem_config.a(interrupt.o)
 .debug_aranges
                0x00000840       0x28 /home/william/AM335X_StarterWare_02_00_01_01/binary/armv7a/gcc/am335x/system_config/Debug/libsystem_config.a(startup.o)
 .debug_aranges
                0x00000868       0x20 /home/william/AM335X_StarterWare_02_00_01_01/binary/armv7a/gcc/am335x/system_config/Debug/libsystem_config.a(cp15.o)
 .debug_aranges
                0x00000888       0x58 /home/william/AM335X_StarterWare_02_00_01_01/binary/armv7a/gcc/am335x/system_config/Debug/libsystem_config.a(cpu.o)
 .debug_aranges
                0x000008e0       0x20 /home/william/AM335X_StarterWare_02_00_01_01/binary/armv7a/gcc/am335x/system_config/Debug/libsystem_config.a(exceptionhandler.o)

.debug_ranges   0x00000000      0x790
 .debug_ranges  0x00000000       0x28 Debug/lightBouncer.o
 .debug_ranges  0x00000028       0x30 Debug/main.o
 .debug_ranges  0x00000058       0x30 Debug/serial.o
 .debug_ranges  0x00000088       0x50 Debug/timer.o
 .debug_ranges  0x000000d8       0x20 Debug/wdtimer.o
 .debug_ranges  0x000000f8       0xd8 /home/william/AM335X_StarterWare_02_00_01_01/binary/armv7a/gcc/am335x/drivers/Debug/libdrivers.a(dmtimer.o)
 .debug_ranges  0x000001d0      0x258 /home/william/AM335X_StarterWare_02_00_01_01/binary/armv7a/gcc/am335x/drivers/Debug/libdrivers.a(uart_irda_cir.o)
 .debug_ranges  0x00000428       0xb0 /home/william/AM335X_StarterWare_02_00_01_01/binary/armv7a/gcc/am335x/drivers/Debug/libdrivers.a(watchdog.o)
 .debug_ranges  0x000004d8       0x48 /home/william/AM335X_StarterWare_02_00_01_01/binary/armv7a/gcc/utils/Debug/libutils.a(consoleUtils.o)
 .debug_ranges  0x00000520       0x78 /home/william/AM335X_StarterWare_02_00_01_01/binary/armv7a/gcc/utils/Debug/libutils.a(uartStdio.o)
 .debug_ranges  0x00000598       0x38 /home/william/AM335X_StarterWare_02_00_01_01/binary/armv7a/gcc/am335x/beaglebone/platform/Debug/libplatform.a(dmtimer.o)
 .debug_ranges  0x000005d0       0x18 /home/william/AM335X_StarterWare_02_00_01_01/binary/armv7a/gcc/am335x/beaglebone/platform/Debug/libplatform.a(uart.o)
 .debug_ranges  0x000005e8       0x38 /home/william/AM335X_StarterWare_02_00_01_01/binary/armv7a/gcc/am335x/beaglebone/platform/Debug/libplatform.a(uartConsole.o)
 .debug_ranges  0x00000620       0x10 /home/william/AM335X_StarterWare_02_00_01_01/binary/armv7a/gcc/am335x/beaglebone/platform/Debug/libplatform.a(watchdog.o)
 .debug_ranges  0x00000630      0x100 /home/william/AM335X_StarterWare_02_00_01_01/binary/armv7a/gcc/am335x/system_config/Debug/libsystem_config.a(interrupt.o)
 .debug_ranges  0x00000730       0x18 /home/william/AM335X_StarterWare_02_00_01_01/binary/armv7a/gcc/am335x/system_config/Debug/libsystem_config.a(startup.o)
 .debug_ranges  0x00000748       0x48 /home/william/AM335X_StarterWare_02_00_01_01/binary/armv7a/gcc/am335x/system_config/Debug/libsystem_config.a(cpu.o)

.debug_line     0x00000000     0x25ee
 .debug_line    0x00000000       0x80 Debug/lightBouncer.o
 .debug_line    0x00000080      0x149 Debug/main.o
 .debug_line    0x000001c9      0x177 Debug/serial.o
 .debug_line    0x00000340       0xd8 Debug/timer.o
 .debug_line    0x00000418       0x69 Debug/wdtimer.o
 .debug_line    0x00000481      0x2f7 /home/william/AM335X_StarterWare_02_00_01_01/binary/armv7a/gcc/am335x/drivers/Debug/libdrivers.a(dmtimer.o)
 .debug_line    0x00000778      0x741 /home/william/AM335X_StarterWare_02_00_01_01/binary/armv7a/gcc/am335x/drivers/Debug/libdrivers.a(uart_irda_cir.o)
 .debug_line    0x00000eb9      0x221 /home/william/AM335X_StarterWare_02_00_01_01/binary/armv7a/gcc/am335x/drivers/Debug/libdrivers.a(watchdog.o)
 .debug_line    0x000010da      0x1ad /home/william/AM335X_StarterWare_02_00_01_01/binary/armv7a/gcc/utils/Debug/libutils.a(consoleUtils.o)
 .debug_line    0x00001287      0x644 /home/william/AM335X_StarterWare_02_00_01_01/binary/armv7a/gcc/utils/Debug/libutils.a(uartStdio.o)
 .debug_line    0x000018cb      0x304 /home/william/AM335X_StarterWare_02_00_01_01/binary/armv7a/gcc/am335x/beaglebone/platform/Debug/libplatform.a(dmtimer.o)
 .debug_line    0x00001bcf      0x16a /home/william/AM335X_StarterWare_02_00_01_01/binary/armv7a/gcc/am335x/beaglebone/platform/Debug/libplatform.a(uart.o)
 .debug_line    0x00001d39       0xd2 /home/william/AM335X_StarterWare_02_00_01_01/binary/armv7a/gcc/am335x/beaglebone/platform/Debug/libplatform.a(uartConsole.o)
 .debug_line    0x00001e0b       0xdc /home/william/AM335X_StarterWare_02_00_01_01/binary/armv7a/gcc/am335x/beaglebone/platform/Debug/libplatform.a(watchdog.o)
 .debug_line    0x00001ee7       0x95 /home/william/AM335X_StarterWare_02_00_01_01/binary/armv7a/gcc/am335x/system_config/Debug/libsystem_config.a(init.o)
 .debug_line    0x00001f7c      0x2bb /home/william/AM335X_StarterWare_02_00_01_01/binary/armv7a/gcc/am335x/system_config/Debug/libsystem_config.a(interrupt.o)
 .debug_line    0x00002237       0x96 /home/william/AM335X_StarterWare_02_00_01_01/binary/armv7a/gcc/am335x/system_config/Debug/libsystem_config.a(startup.o)
 .debug_line    0x000022cd      0x18a /home/william/AM335X_StarterWare_02_00_01_01/binary/armv7a/gcc/am335x/system_config/Debug/libsystem_config.a(cp15.o)
 .debug_line    0x00002457       0xde /home/william/AM335X_StarterWare_02_00_01_01/binary/armv7a/gcc/am335x/system_config/Debug/libsystem_config.a(cpu.o)
 .debug_line    0x00002535       0xb9 /home/william/AM335X_StarterWare_02_00_01_01/binary/armv7a/gcc/am335x/system_config/Debug/libsystem_config.a(exceptionhandler.o)

.debug_str      0x00000000     0x1b5b
 .debug_str     0x00000000      0x11d Debug/lightBouncer.o
                                0x122 (size before relaxing)
 .debug_str     0x0000011d       0xd5 Debug/main.o
                                0x18c (size before relaxing)
 .debug_str     0x000001f2       0xbe Debug/serial.o
                                0x1df (size before relaxing)
 .debug_str     0x000002b0       0xd2 Debug/timer.o
                                0x1e8 (size before relaxing)
 .debug_str     0x00000382       0x46 Debug/wdtimer.o
                                 0xe1 (size before relaxing)
 .debug_str     0x000003c8      0x30e /home/william/AM335X_StarterWare_02_00_01_01/binary/armv7a/gcc/am335x/drivers/Debug/libdrivers.a(dmtimer.o)
                                0x372 (size before relaxing)
 .debug_str     0x000006d6      0x899 /home/william/AM335X_StarterWare_02_00_01_01/binary/armv7a/gcc/am335x/drivers/Debug/libdrivers.a(uart_irda_cir.o)
                                0x96b (size before relaxing)
 .debug_str     0x00000f6f      0x268 /home/william/AM335X_StarterWare_02_00_01_01/binary/armv7a/gcc/am335x/drivers/Debug/libdrivers.a(watchdog.o)
                                0x32a (size before relaxing)
 .debug_str     0x000011d7      0x162 /home/william/AM335X_StarterWare_02_00_01_01/binary/armv7a/gcc/utils/Debug/libutils.a(consoleUtils.o)
                                0x28b (size before relaxing)
 .debug_str     0x00001339      0x1a7 /home/william/AM335X_StarterWare_02_00_01_01/binary/armv7a/gcc/utils/Debug/libutils.a(uartStdio.o)
                                0x2a8 (size before relaxing)
 .debug_str     0x000014e0      0x126 /home/william/AM335X_StarterWare_02_00_01_01/binary/armv7a/gcc/am335x/beaglebone/platform/Debug/libplatform.a(dmtimer.o)
                                0x18a (size before relaxing)
 .debug_str     0x00001606       0x5f /home/william/AM335X_StarterWare_02_00_01_01/binary/armv7a/gcc/am335x/beaglebone/platform/Debug/libplatform.a(uart.o)
                                0x125 (size before relaxing)
 .debug_str     0x00001665       0xa8 /home/william/AM335X_StarterWare_02_00_01_01/binary/armv7a/gcc/am335x/beaglebone/platform/Debug/libplatform.a(uartConsole.o)
                                0x19f (size before relaxing)
 .debug_str     0x0000170d       0x50 /home/william/AM335X_StarterWare_02_00_01_01/binary/armv7a/gcc/am335x/beaglebone/platform/Debug/libplatform.a(watchdog.o)
                                0x116 (size before relaxing)
 .debug_str     0x0000175d      0x2ef /home/william/AM335X_StarterWare_02_00_01_01/binary/armv7a/gcc/am335x/system_config/Debug/libsystem_config.a(interrupt.o)
                                0x381 (size before relaxing)
 .debug_str     0x00001a4c       0x70 /home/william/AM335X_StarterWare_02_00_01_01/binary/armv7a/gcc/am335x/system_config/Debug/libsystem_config.a(startup.o)
                                0x136 (size before relaxing)
 .debug_str     0x00001abc       0x9f /home/william/AM335X_StarterWare_02_00_01_01/binary/armv7a/gcc/am335x/system_config/Debug/libsystem_config.a(cpu.o)
                                0x148 (size before relaxing)

.comment        0x00000000       0x70
 .comment       0x00000000       0x70 Debug/lightBouncer.o
                                 0x71 (size before relaxing)
 .comment       0x00000000       0x71 Debug/main.o
 .comment       0x00000000       0x71 Debug/serial.o
 .comment       0x00000000       0x71 Debug/timer.o
 .comment       0x00000000       0x71 Debug/wdtimer.o
 .comment       0x00000000       0x71 /home/william/AM335X_StarterWare_02_00_01_01/binary/armv7a/gcc/am335x/drivers/Debug/libdrivers.a(dmtimer.o)
 .comment       0x00000000       0x71 /home/william/AM335X_StarterWare_02_00_01_01/binary/armv7a/gcc/am335x/drivers/Debug/libdrivers.a(uart_irda_cir.o)
 .comment       0x00000000       0x71 /home/william/AM335X_StarterWare_02_00_01_01/binary/armv7a/gcc/am335x/drivers/Debug/libdrivers.a(watchdog.o)
 .comment       0x00000000       0x71 /home/william/AM335X_StarterWare_02_00_01_01/binary/armv7a/gcc/utils/Debug/libutils.a(consoleUtils.o)
 .comment       0x00000000       0x71 /home/william/AM335X_StarterWare_02_00_01_01/binary/armv7a/gcc/utils/Debug/libutils.a(uartStdio.o)
 .comment       0x00000000       0x71 /home/william/AM335X_StarterWare_02_00_01_01/binary/armv7a/gcc/am335x/beaglebone/platform/Debug/libplatform.a(dmtimer.o)
 .comment       0x00000000       0x71 /home/william/AM335X_StarterWare_02_00_01_01/binary/armv7a/gcc/am335x/beaglebone/platform/Debug/libplatform.a(uart.o)
 .comment       0x00000000       0x71 /home/william/AM335X_StarterWare_02_00_01_01/binary/armv7a/gcc/am335x/beaglebone/platform/Debug/libplatform.a(uartConsole.o)
 .comment       0x00000000       0x71 /home/william/AM335X_StarterWare_02_00_01_01/binary/armv7a/gcc/am335x/beaglebone/platform/Debug/libplatform.a(watchdog.o)
 .comment       0x00000000       0x71 /home/william/AM335X_StarterWare_02_00_01_01/binary/armv7a/gcc/am335x/system_config/Debug/libsystem_config.a(interrupt.o)
 .comment       0x00000000       0x71 /home/william/AM335X_StarterWare_02_00_01_01/binary/armv7a/gcc/am335x/system_config/Debug/libsystem_config.a(startup.o)
 .comment       0x00000000       0x71 /home/william/AM335X_StarterWare_02_00_01_01/binary/armv7a/gcc/am335x/system_config/Debug/libsystem_config.a(cpu.o)

.ARM.attributes
                0x00000000       0x3b
 .ARM.attributes
                0x00000000       0x37 Debug/lightBouncer.o
 .ARM.attributes
                0x00000037       0x37 Debug/main.o
 .ARM.attributes
                0x0000006e       0x37 Debug/serial.o
 .ARM.attributes
                0x000000a5       0x37 Debug/timer.o
 .ARM.attributes
                0x000000dc       0x37 Debug/wdtimer.o
 .ARM.attributes
                0x00000113       0x37 /home/william/AM335X_StarterWare_02_00_01_01/binary/armv7a/gcc/am335x/drivers/Debug/libdrivers.a(dmtimer.o)
 .ARM.attributes
                0x0000014a       0x37 /home/william/AM335X_StarterWare_02_00_01_01/binary/armv7a/gcc/am335x/drivers/Debug/libdrivers.a(uart_irda_cir.o)
 .ARM.attributes
                0x00000181       0x37 /home/william/AM335X_StarterWare_02_00_01_01/binary/armv7a/gcc/am335x/drivers/Debug/libdrivers.a(watchdog.o)
 .ARM.attributes
                0x000001b8       0x37 /home/william/AM335X_StarterWare_02_00_01_01/binary/armv7a/gcc/utils/Debug/libutils.a(consoleUtils.o)
 .ARM.attributes
                0x000001ef       0x37 /home/william/AM335X_StarterWare_02_00_01_01/binary/armv7a/gcc/utils/Debug/libutils.a(uartStdio.o)
 .ARM.attributes
                0x00000226       0x37 /home/william/AM335X_StarterWare_02_00_01_01/binary/armv7a/gcc/am335x/beaglebone/platform/Debug/libplatform.a(dmtimer.o)
 .ARM.attributes
                0x0000025d       0x37 /home/william/AM335X_StarterWare_02_00_01_01/binary/armv7a/gcc/am335x/beaglebone/platform/Debug/libplatform.a(uart.o)
 .ARM.attributes
                0x00000294       0x37 /home/william/AM335X_StarterWare_02_00_01_01/binary/armv7a/gcc/am335x/beaglebone/platform/Debug/libplatform.a(uartConsole.o)
 .ARM.attributes
                0x000002cb       0x37 /home/william/AM335X_StarterWare_02_00_01_01/binary/armv7a/gcc/am335x/beaglebone/platform/Debug/libplatform.a(watchdog.o)
 .ARM.attributes
                0x00000302       0x23 /home/william/AM335X_StarterWare_02_00_01_01/binary/armv7a/gcc/am335x/system_config/Debug/libsystem_config.a(init.o)
 .ARM.attributes
                0x00000325       0x3d /home/william/AM335X_StarterWare_02_00_01_01/binary/armv7a/gcc/am335x/system_config/Debug/libsystem_config.a(interrupt.o)
 .ARM.attributes
                0x00000362       0x3d /home/william/AM335X_StarterWare_02_00_01_01/binary/armv7a/gcc/am335x/system_config/Debug/libsystem_config.a(startup.o)
 .ARM.attributes
                0x0000039f       0x23 /home/william/AM335X_StarterWare_02_00_01_01/binary/armv7a/gcc/am335x/system_config/Debug/libsystem_config.a(cp15.o)
 .ARM.attributes
                0x000003c2       0x3d /home/william/AM335X_StarterWare_02_00_01_01/binary/armv7a/gcc/am335x/system_config/Debug/libsystem_config.a(cpu.o)
 .ARM.attributes
                0x000003ff       0x23 /home/william/AM335X_StarterWare_02_00_01_01/binary/armv7a/gcc/am335x/system_config/Debug/libsystem_config.a(exceptionhandler.o)
 .ARM.attributes
                0x00000422       0x18 /home/william/cmpt433/linaro-gcc/gcc-arm-none-eabi-4_7-2012q4/lib/gcc/arm-none-eabi/4.7.3//libgcc.a(_udivsi3.o)
 .ARM.attributes
                0x0000043a       0x18 /home/william/cmpt433/linaro-gcc/gcc-arm-none-eabi-4_7-2012q4/lib/gcc/arm-none-eabi/4.7.3//libgcc.a(_divsi3.o)
 .ARM.attributes
                0x00000452       0x18 /home/william/cmpt433/linaro-gcc/gcc-arm-none-eabi-4_7-2012q4/lib/gcc/arm-none-eabi/4.7.3//libgcc.a(_dvmd_tls.o)

.debug_frame    0x00000000     0x1834
 .debug_frame   0x00000000       0x74 Debug/lightBouncer.o
 .debug_frame   0x00000074       0x98 Debug/main.o
 .debug_frame   0x0000010c       0x98 Debug/serial.o
 .debug_frame   0x000001a4       0xf8 Debug/timer.o
 .debug_frame   0x0000029c       0x64 Debug/wdtimer.o
 .debug_frame   0x00000300      0x2b4 /home/william/AM335X_StarterWare_02_00_01_01/binary/armv7a/gcc/am335x/drivers/Debug/libdrivers.a(dmtimer.o)
 .debug_frame   0x000005b4      0x778 /home/william/AM335X_StarterWare_02_00_01_01/binary/armv7a/gcc/am335x/drivers/Debug/libdrivers.a(uart_irda_cir.o)
 .debug_frame   0x00000d2c      0x228 /home/william/AM335X_StarterWare_02_00_01_01/binary/armv7a/gcc/am335x/drivers/Debug/libdrivers.a(watchdog.o)
 .debug_frame   0x00000f54      0x108 /home/william/AM335X_StarterWare_02_00_01_01/binary/armv7a/gcc/utils/Debug/libutils.a(consoleUtils.o)
 .debug_frame   0x0000105c      0x1a8 /home/william/AM335X_StarterWare_02_00_01_01/binary/armv7a/gcc/utils/Debug/libutils.a(uartStdio.o)
 .debug_frame   0x00001204       0xa0 /home/william/AM335X_StarterWare_02_00_01_01/binary/armv7a/gcc/am335x/beaglebone/platform/Debug/libplatform.a(dmtimer.o)
 .debug_frame   0x000012a4       0x40 /home/william/AM335X_StarterWare_02_00_01_01/binary/armv7a/gcc/am335x/beaglebone/platform/Debug/libplatform.a(uart.o)
 .debug_frame   0x000012e4       0xb8 /home/william/AM335X_StarterWare_02_00_01_01/binary/armv7a/gcc/am335x/beaglebone/platform/Debug/libplatform.a(uartConsole.o)
 .debug_frame   0x0000139c       0x28 /home/william/AM335X_StarterWare_02_00_01_01/binary/armv7a/gcc/am335x/beaglebone/platform/Debug/libplatform.a(watchdog.o)
 .debug_frame   0x000013c4      0x314 /home/william/AM335X_StarterWare_02_00_01_01/binary/armv7a/gcc/am335x/system_config/Debug/libsystem_config.a(interrupt.o)
 .debug_frame   0x000016d8       0x48 /home/william/AM335X_StarterWare_02_00_01_01/binary/armv7a/gcc/am335x/system_config/Debug/libsystem_config.a(startup.o)
 .debug_frame   0x00001720       0xd4 /home/william/AM335X_StarterWare_02_00_01_01/binary/armv7a/gcc/am335x/system_config/Debug/libsystem_config.a(cpu.o)
 .debug_frame   0x000017f4       0x20 /home/william/cmpt433/linaro-gcc/gcc-arm-none-eabi-4_7-2012q4/lib/gcc/arm-none-eabi/4.7.3//libgcc.a(_udivsi3.o)
 .debug_frame   0x00001814       0x20 /home/william/cmpt433/linaro-gcc/gcc-arm-none-eabi-4_7-2012q4/lib/gcc/arm-none-eabi/4.7.3//libgcc.a(_divsi3.o)
