Archive member included because of file (symbol)

/home/william/AM335X_StarterWare_02_00_01_01/binary/armv7a/gcc/am335x/drivers/Debug/libdrivers.a(dmtimer.o)
                              Debug/timer.o (DMTimerEnable)
/home/william/AM335X_StarterWare_02_00_01_01/binary/armv7a/gcc/am335x/drivers/Debug/libdrivers.a(gpio_v2.o)
                              Debug/joystick.o (GPIOModuleReset)
/home/william/AM335X_StarterWare_02_00_01_01/binary/armv7a/gcc/am335x/drivers/Debug/libdrivers.a(uart_irda_cir.o)
                              Debug/serial.o (UARTOperatingModeSelect)
/home/william/AM335X_StarterWare_02_00_01_01/binary/armv7a/gcc/am335x/drivers/Debug/libdrivers.a(watchdog.o)
                              Debug/wdtimer.o (WatchdogTimerEnable)
/home/william/AM335X_StarterWare_02_00_01_01/binary/armv7a/gcc/utils/Debug/libutils.a(consoleUtils.o)
                              Debug/serial.o (ConsoleUtilsSetType)
/home/william/AM335X_StarterWare_02_00_01_01/binary/armv7a/gcc/utils/Debug/libutils.a(uartStdio.o)
                              /home/william/AM335X_StarterWare_02_00_01_01/binary/armv7a/gcc/utils/Debug/libutils.a(consoleUtils.o) (UARTStdioInit)
/home/william/AM335X_StarterWare_02_00_01_01/binary/armv7a/gcc/utils/Debug/libutils.a(ascii.o)
                              /home/william/AM335X_StarterWare_02_00_01_01/binary/armv7a/gcc/utils/Debug/libutils.a(uartStdio.o) (ASCIIToDigit)
/home/william/AM335X_StarterWare_02_00_01_01/binary/armv7a/gcc/am335x/beaglebone/platform/Debug/libplatform.a(dmtimer.o)
                              Debug/timer.o (DMTimer2ModuleClkConfig)
/home/william/AM335X_StarterWare_02_00_01_01/binary/armv7a/gcc/am335x/beaglebone/platform/Debug/libplatform.a(gpio.o)
                              Debug/leds.o (GPIO1ModuleClkConfig)
/home/william/AM335X_StarterWare_02_00_01_01/binary/armv7a/gcc/am335x/beaglebone/platform/Debug/libplatform.a(uart.o)
                              Debug/serial.o (UARTPinMuxSetup)
/home/william/AM335X_StarterWare_02_00_01_01/binary/armv7a/gcc/am335x/beaglebone/platform/Debug/libplatform.a(uartConsole.o)
                              /home/william/AM335X_StarterWare_02_00_01_01/binary/armv7a/gcc/utils/Debug/libutils.a(uartStdio.o) (UARTConsoleInit)
/home/william/AM335X_StarterWare_02_00_01_01/binary/armv7a/gcc/am335x/beaglebone/platform/Debug/libplatform.a(watchdog.o)
                              Debug/wdtimer.o (WatchdogTimer1ModuleClkConfig)
/home/william/AM335X_StarterWare_02_00_01_01/binary/armv7a/gcc/am335x/system_config/Debug/libsystem_config.a(init.o)
                              (Entry)
/home/william/AM335X_StarterWare_02_00_01_01/binary/armv7a/gcc/am335x/system_config/Debug/libsystem_config.a(interrupt.o)
                              Debug/serial.o (IntRegister)
/home/william/AM335X_StarterWare_02_00_01_01/binary/armv7a/gcc/am335x/system_config/Debug/libsystem_config.a(startup.o)
                              /home/william/AM335X_StarterWare_02_00_01_01/binary/armv7a/gcc/am335x/system_config/Debug/libsystem_config.a(init.o) (start_boot)
/home/william/AM335X_StarterWare_02_00_01_01/binary/armv7a/gcc/am335x/system_config/Debug/libsystem_config.a(cp15.o)
                              /home/william/AM335X_StarterWare_02_00_01_01/binary/armv7a/gcc/am335x/system_config/Debug/libsystem_config.a(startup.o) (CP15VectorBaseAddrSet)
/home/william/AM335X_StarterWare_02_00_01_01/binary/armv7a/gcc/am335x/system_config/Debug/libsystem_config.a(cpu.o)
                              /home/william/AM335X_StarterWare_02_00_01_01/binary/armv7a/gcc/am335x/system_config/Debug/libsystem_config.a(interrupt.o) (CPUIntStatus)
/home/william/AM335X_StarterWare_02_00_01_01/binary/armv7a/gcc/am335x/system_config/Debug/libsystem_config.a(exceptionhandler.o)
                              /home/william/AM335X_StarterWare_02_00_01_01/binary/armv7a/gcc/am335x/system_config/Debug/libsystem_config.a(startup.o) (IRQHandler)
/home/william/cmpt433/linaro-gcc/gcc-arm-none-eabi-4_7-2012q4/lib/gcc/arm-none-eabi/4.7.3//libgcc.a(_udivsi3.o)
                              (__aeabi_uidiv)
/home/william/cmpt433/linaro-gcc/gcc-arm-none-eabi-4_7-2012q4/lib/gcc/arm-none-eabi/4.7.3//libgcc.a(_divsi3.o)
                              (__aeabi_idiv)
/home/william/cmpt433/linaro-gcc/gcc-arm-none-eabi-4_7-2012q4/lib/gcc/arm-none-eabi/4.7.3//libgcc.a(_dvmd_tls.o)
                              /home/william/cmpt433/linaro-gcc/gcc-arm-none-eabi-4_7-2012q4/lib/gcc/arm-none-eabi/4.7.3//libgcc.a(_udivsi3.o) (__aeabi_idiv0)

Allocating common symbols
Common symbol       size              file

fnRAMVectors        0x200             /home/william/AM335X_StarterWare_02_00_01_01/binary/armv7a/gcc/am335x/system_config/Debug/libsystem_config.a(interrupt.o)

Discarded input sections

 .text          0x00000000        0x0 Debug/joystick.o
 .data          0x00000000        0x0 Debug/joystick.o
 .bss           0x00000000        0x0 Debug/joystick.o
 .text          0x00000000        0x0 Debug/leds.o
[...]
Memory Configuration

Name             Origin             Length             Attributes
DDR0             0x80000000         0x10000000
*default*        0x00000000         0xffffffff

Linker script and memory map

LOAD Debug/joystick.o
LOAD Debug/leds.o
LOAD Debug/main.o
LOAD Debug/serial.o
LOAD Debug/timer.o
LOAD Debug/wdtimer.o
LOAD /home/william/AM335X_StarterWare_02_00_01_01/binary/armv7a/gcc/am335x/drivers/Debug/libdrivers.a
LOAD /home/william/AM335X_StarterWare_02_00_01_01/binary/armv7a/gcc/utils/Debug/libutils.a
LOAD /home/william/AM335X_StarterWare_02_00_01_01/binary/armv7a/gcc/am335x/beaglebone/platform/Debug/libplatform.a
LOAD /home/william/AM335X_StarterWare_02_00_01_01/binary/armv7a/gcc/am335x/system_config/Debug/libsystem_config.a
LOAD /home/william/cmpt433/linaro-gcc/gcc-arm-none-eabi-4_7-2012q4/arm-none-eabi/lib//libc.a
LOAD /home/william/cmpt433/linaro-gcc/gcc-arm-none-eabi-4_7-2012q4/lib/gcc/arm-none-eabi/4.7.3//libgcc.a
LOAD /home/william/AM335X_StarterWare_02_00_01_01/binary/armv7a/gcc/am335x/drivers/Debug/libdrivers.a
LOAD /home/william/AM335X_StarterWare_02_00_01_01/binary/armv7a/gcc/utils/Debug/libutils.a
LOAD /home/william/AM335X_StarterWare_02_00_01_01/binary/armv7a/gcc/am335x/beaglebone/platform/Debug/libplatform.a
LOAD /home/william/AM335X_StarterWare_02_00_01_01/binary/armv7a/gcc/am335x/system_config/Debug/libsystem_config.a
LOAD /home/william/cmpt433/linaro-gcc/gcc-arm-none-eabi-4_7-2012q4/arm-none-eabi/lib//libc.a
LOAD /home/william/cmpt433/linaro-gcc/gcc-arm-none-eabi-4_7-2012q4/lib/gcc/arm-none-eabi/4.7.3//libgcc.a

.startcode      0x80000000       0xbc
                0x80000000                . = ALIGN (0x4)
 *init.o(.text)
 .text          0x80000000       0xbc /home/william/AM335X_StarterWare_02_00_01_01/binary/armv7a/gcc/am335x/system_config/Debug/libsystem_config.a(init.o)
                0x80000000                Entry

.text           0x800000bc     0x4154
                0x800000bc                . = ALIGN (0x4)
 *(.text*)
 .text.Joystick_init
                0x800000bc       0x18 Debug/joystick.o
                0x800000bc                Joystick_init
 .text.Joystick_readLeftWithStarteWare
                0x800000d4       0x3c Debug/joystick.o
                0x800000d4                Joystick_readLeftWithStarteWare
 .text.GPIO2ModuleClkConfig
                0x80000110       0xbc Debug/joystick.o
 .text.initializeButtonPin
                0x800001cc       0x5c Debug/joystick.o
 .text.Leds_init
                0x80000228       0xbc Debug/leds.o
                0x80000228                Leds_init
 .text.Leds_flashing
                0x800002e4       0x50 Debug/leds.o
                0x800002e4                Leds_flashing
 .text.Leds_setMode
                0x80000334       0x30 Debug/leds.o
                0x80000334                Leds_setMode
 .text.Leds_changeSpeed
                0x80000364       0x38 Debug/leds.o
                0x80000364                Leds_changeSpeed
 .text.Leds_toggleMode
                0x8000039c       0x58 Debug/leds.o
                0x8000039c                Leds_toggleMode
 .text.bounce   0x800003f4      0x11c Debug/leds.o
 .text.bar      0x80000510       0xac Debug/leds.o
 .text.busyWait
                0x800005bc       0x70 Debug/leds.o
 .text.flashTimePeriod
                0x8000062c       0x70 Debug/leds.o
 .text.main     0x8000069c      0x148 Debug/main.o
                0x8000069c                main
 .text.serialRxIsrCallback
                0x800007e4       0x30 Debug/main.o
 .text.doBackgroundSerialWork
                0x80000814      0x204 Debug/main.o
 .text.printWelcomeMessage
                0x80000a18       0x48 Debug/main.o
 .text.printResetScources
                0x80000a60       0xd0 Debug/main.o
 .text.listCommands
                0x80000b30       0xac Debug/main.o
 .text.Serial_init
                0x80000bdc       0xdc Debug/serial.o
                0x80000bdc                Serial_init
 .text.Serial_setRxIsrCallback
                0x80000cb8       0x2c Debug/serial.o
                0x80000cb8                Serial_setRxIsrCallback
 .text.UartBaudRateSet
                0x80000ce4       0x5c Debug/serial.o
 .text.UartInterruptEnable
                0x80000d40       0x7c Debug/serial.o
 .text.UARTIsr  0x80000dbc       0xc8 Debug/serial.o
 .text.Timer_init
                0x80000e84       0x7c Debug/timer.o
                0x80000e84                Timer_init
 .text.Timer_isIsrFlagSet
                0x80000f00       0x28 Debug/timer.o
                0x80000f00                Timer_isIsrFlagSet
 .text.Timer_clearIsrFlag
                0x80000f28       0x24 Debug/timer.o
                0x80000f28                Timer_clearIsrFlag
 .text.Timers_getWDhittingState
                0x80000f4c       0x24 Debug/timer.o
                0x80000f4c                Timers_getWDhittingState
 .text.Timer_stopHitingWD
                0x80000f70       0x24 Debug/timer.o
                0x80000f70                Timer_stopHitingWD
 .text.DMTimerIsr
                0x80000f94       0x88 Debug/timer.o
 .text.DMTimerAintcConfigure
                0x8000101c       0x4c Debug/timer.o
 .text.DMTimerSetUp
                0x80001068       0x5c Debug/timer.o
 .text.Watchdog_init
                0x800010c4       0x84 Debug/wdtimer.o
                0x800010c4                Watchdog_init
 .text.Watchdog_hit
                0x80001148       0x4c Debug/wdtimer.o
                0x80001148                Watchdog_hit
 .text.DMTimerEnable
                0x80001194       0x6c /home/william/AM335X_StarterWare_02_00_01_01/binary/armv7a/gcc/am335x/drivers/Debug/libdrivers.a(dmtimer.o)
                0x80001194                DMTimerEnable
 .text.DMTimerModeConfigure
                0x80001200       0xcc /home/william/AM335X_StarterWare_02_00_01_01/binary/armv7a/gcc/am335x/drivers/Debug/libdrivers.a(dmtimer.o)
                0x80001200                DMTimerModeConfigure
 .text.DMTimerPreScalerClkDisable
                0x800012cc       0x6c /home/william/AM335X_StarterWare_02_00_01_01/binary/armv7a/gcc/am335x/drivers/Debug/libdrivers.a(dmtimer.o)
                0x800012cc                DMTimerPreScalerClkDisable
 .text.DMTimerCounterSet
                0x80001338       0x64 /home/william/AM335X_StarterWare_02_00_01_01/binary/armv7a/gcc/am335x/drivers/Debug/libdrivers.a(dmtimer.o)
                0x80001338                DMTimerCounterSet
 .text.DMTimerReloadSet
                0x8000139c       0x64 /home/william/AM335X_StarterWare_02_00_01_01/binary/armv7a/gcc/am335x/drivers/Debug/libdrivers.a(dmtimer.o)
                0x8000139c                DMTimerReloadSet
 .text.DMTimerIntStatusClear
                0x80001400       0x34 /home/william/AM335X_StarterWare_02_00_01_01/binary/armv7a/gcc/am335x/drivers/Debug/libdrivers.a(dmtimer.o)
                0x80001400                DMTimerIntStatusClear
 .text.DMTimerIntEnable
                0x80001434       0x34 /home/william/AM335X_StarterWare_02_00_01_01/binary/armv7a/gcc/am335x/drivers/Debug/libdrivers.a(dmtimer.o)
                0x80001434                DMTimerIntEnable
 .text.DMTimerIntDisable
                0x80001468       0x34 /home/william/AM335X_StarterWare_02_00_01_01/binary/armv7a/gcc/am335x/drivers/Debug/libdrivers.a(dmtimer.o)
                0x80001468                DMTimerIntDisable
 .text.DMTimerWritePostedStatusGet
                0x8000149c       0x2c /home/william/AM335X_StarterWare_02_00_01_01/binary/armv7a/gcc/am335x/drivers/Debug/libdrivers.a(dmtimer.o)
                0x8000149c                DMTimerWritePostedStatusGet
 .text.GPIOModuleReset
                0x800014c8       0x54 /home/william/AM335X_StarterWare_02_00_01_01/binary/armv7a/gcc/am335x/drivers/Debug/libdrivers.a(gpio_v2.o)
                0x800014c8                GPIOModuleReset
 .text.GPIOModuleEnable
                0x8000151c       0x38 /home/william/AM335X_StarterWare_02_00_01_01/binary/armv7a/gcc/am335x/drivers/Debug/libdrivers.a(gpio_v2.o)
                0x8000151c                GPIOModuleEnable
 .text.GPIODirModeSet
                0x80001554       0x88 /home/william/AM335X_StarterWare_02_00_01_01/binary/armv7a/gcc/am335x/drivers/Debug/libdrivers.a(gpio_v2.o)
                0x80001554                GPIODirModeSet
 .text.GPIOPinWrite
                0x800015dc       0x64 /home/william/AM335X_StarterWare_02_00_01_01/binary/armv7a/gcc/am335x/drivers/Debug/libdrivers.a(gpio_v2.o)
                0x800015dc                GPIOPinWrite
 .text.GPIOPinRead
                0x80001640       0x40 /home/william/AM335X_StarterWare_02_00_01_01/binary/armv7a/gcc/am335x/drivers/Debug/libdrivers.a(gpio_v2.o)
                0x80001640                GPIOPinRead
 .text.UARTOperatingModeSelect
                0x80001680       0x84 /home/william/AM335X_StarterWare_02_00_01_01/binary/armv7a/gcc/am335x/drivers/Debug/libdrivers.a(uart_irda_cir.o)
                0x80001680                UARTOperatingModeSelect
 .text.UARTDivisorValCompute
                0x80001704      0x104 /home/william/AM335X_StarterWare_02_00_01_01/binary/armv7a/gcc/am335x/drivers/Debug/libdrivers.a(uart_irda_cir.o)
                0x80001704                UARTDivisorValCompute
 .text.UARTDivisorLatchWrite
                0x80001808      0x210 /home/william/AM335X_StarterWare_02_00_01_01/binary/armv7a/gcc/am335x/drivers/Debug/libdrivers.a(uart_irda_cir.o)
                0x80001808                UARTDivisorLatchWrite
 .text.UARTDivisorLatchDisable
                0x80001a18       0x38 /home/william/AM335X_StarterWare_02_00_01_01/binary/armv7a/gcc/am335x/drivers/Debug/libdrivers.a(uart_irda_cir.o)
                0x80001a18                UARTDivisorLatchDisable
 .text.UARTRegConfigModeEnable
                0x80001a50       0x9c /home/william/AM335X_StarterWare_02_00_01_01/binary/armv7a/gcc/am335x/drivers/Debug/libdrivers.a(uart_irda_cir.o)
                0x80001a50                UARTRegConfigModeEnable
 .text.UARTBreakCtl
                0x80001aec       0x60 /home/william/AM335X_StarterWare_02_00_01_01/binary/armv7a/gcc/am335x/drivers/Debug/libdrivers.a(uart_irda_cir.o)
                0x80001aec                UARTBreakCtl
 .text.UARTLineCharacConfig
                0x80001b4c       0xa4 /home/william/AM335X_StarterWare_02_00_01_01/binary/armv7a/gcc/am335x/drivers/Debug/libdrivers.a(uart_irda_cir.o)
                0x80001b4c                UARTLineCharacConfig
 .text.UARTIntEnable
                0x80001bf0      0x130 /home/william/AM335X_StarterWare_02_00_01_01/binary/armv7a/gcc/am335x/drivers/Debug/libdrivers.a(uart_irda_cir.o)
                0x80001bf0                UARTIntEnable
 .text.UARTCharPutNonBlocking
                0x80001d20       0x8c /home/william/AM335X_StarterWare_02_00_01_01/binary/armv7a/gcc/am335x/drivers/Debug/libdrivers.a(uart_irda_cir.o)
                0x80001d20                UARTCharPutNonBlocking
 .text.UARTCharGetNonBlocking
                0x80001dac       0x80 /home/william/AM335X_StarterWare_02_00_01_01/binary/armv7a/gcc/am335x/drivers/Debug/libdrivers.a(uart_irda_cir.o)
                0x80001dac                UARTCharGetNonBlocking
 .text.UARTCharPut
                0x80001e2c       0x78 /home/william/AM335X_StarterWare_02_00_01_01/binary/armv7a/gcc/am335x/drivers/Debug/libdrivers.a(uart_irda_cir.o)
                0x80001e2c                UARTCharPut
 .text.UARTIntIdentityGet
                0x80001ea4       0x6c /home/william/AM335X_StarterWare_02_00_01_01/binary/armv7a/gcc/am335x/drivers/Debug/libdrivers.a(uart_irda_cir.o)
                0x80001ea4                UARTIntIdentityGet
 .text.UARTModuleReset
                0x80001f10       0x54 /home/william/AM335X_StarterWare_02_00_01_01/binary/armv7a/gcc/am335x/drivers/Debug/libdrivers.a(uart_irda_cir.o)
                0x80001f10                UARTModuleReset
 .text.WatchdogTimerEnable
                0x80001f64       0x80 /home/william/AM335X_StarterWare_02_00_01_01/binary/armv7a/gcc/am335x/drivers/Debug/libdrivers.a(watchdog.o)
                0x80001f64                WatchdogTimerEnable
 .text.WatchdogTimerDisable
                0x80001fe4       0x80 /home/william/AM335X_StarterWare_02_00_01_01/binary/armv7a/gcc/am335x/drivers/Debug/libdrivers.a(watchdog.o)
                0x80001fe4                WatchdogTimerDisable
 .text.WatchdogTimerReset
                0x80002064       0x54 /home/william/AM335X_StarterWare_02_00_01_01/binary/armv7a/gcc/am335x/drivers/Debug/libdrivers.a(watchdog.o)
                0x80002064                WatchdogTimerReset
 .text.WatchdogTimerPreScalerClkDisable
                0x800020b8       0x58 /home/william/AM335X_StarterWare_02_00_01_01/binary/armv7a/gcc/am335x/drivers/Debug/libdrivers.a(watchdog.o)
                0x800020b8                WatchdogTimerPreScalerClkDisable
 .text.WatchdogTimerReloadSet
                0x80002110       0x50 /home/william/AM335X_StarterWare_02_00_01_01/binary/armv7a/gcc/am335x/drivers/Debug/libdrivers.a(watchdog.o)
                0x80002110                WatchdogTimerReloadSet
 .text.WatchdogTimerTriggerSet
                0x80002160       0x50 /home/william/AM335X_StarterWare_02_00_01_01/binary/armv7a/gcc/am335x/drivers/Debug/libdrivers.a(watchdog.o)
                0x80002160                WatchdogTimerTriggerSet
 .text.WatchdogTimerWritePostedStatusGet
                0x800021b0       0x38 /home/william/AM335X_StarterWare_02_00_01_01/binary/armv7a/gcc/am335x/drivers/Debug/libdrivers.a(watchdog.o)
                0x800021b0                WatchdogTimerWritePostedStatusGet
 .text.ConsoleUtilsSetType
                0x800021e8       0x54 /home/william/AM335X_StarterWare_02_00_01_01/binary/armv7a/gcc/utils/Debug/libutils.a(consoleUtils.o)
                0x800021e8                ConsoleUtilsSetType
 .text.ConsoleUtilsPrintf
                0x8000223c       0x6c /home/william/AM335X_StarterWare_02_00_01_01/binary/armv7a/gcc/utils/Debug/libutils.a(consoleUtils.o)
                0x8000223c                ConsoleUtilsPrintf
 .text.UARTPuts
                0x800022a8       0xec /home/william/AM335X_StarterWare_02_00_01_01/binary/armv7a/gcc/utils/Debug/libutils.a(uartStdio.o)
                0x800022a8                UARTPuts
 .text.UARTPutc
                0x80002394       0x30 /home/william/AM335X_StarterWare_02_00_01_01/binary/armv7a/gcc/utils/Debug/libutils.a(uartStdio.o)
                0x80002394                UARTPutc
 .text.UARTwrite
                0x800023c4       0x94 /home/william/AM335X_StarterWare_02_00_01_01/binary/armv7a/gcc/utils/Debug/libutils.a(uartStdio.o)
                0x800023c4                UARTwrite
 .text.UARTPrintf
                0x80002458      0x6ac /home/william/AM335X_StarterWare_02_00_01_01/binary/armv7a/gcc/utils/Debug/libutils.a(uartStdio.o)
                0x80002458                UARTPrintf
 .text.DMTimer2ModuleClkConfig
                0x80002b04      0x260 /home/william/AM335X_StarterWare_02_00_01_01/binary/armv7a/gcc/am335x/beaglebone/platform/Debug/libplatform.a(dmtimer.o)
                0x80002b04                DMTimer2ModuleClkConfig
 .text.GPIO1ModuleClkConfig
                0x80002d64       0xbc /home/william/AM335X_StarterWare_02_00_01_01/binary/armv7a/gcc/am335x/beaglebone/platform/Debug/libplatform.a(gpio.o)
                0x80002d64                GPIO1ModuleClkConfig
 .text.UARTPinMuxSetup
                0x80002e20       0x48 /home/william/AM335X_StarterWare_02_00_01_01/binary/armv7a/gcc/am335x/beaglebone/platform/Debug/libplatform.a(uart.o)
                0x80002e20                UARTPinMuxSetup
 .text.UART0ModuleClkConfig
                0x80002e68      0x35c /home/william/AM335X_StarterWare_02_00_01_01/binary/armv7a/gcc/am335x/beaglebone/platform/Debug/libplatform.a(uart.o)
                0x80002e68                UART0ModuleClkConfig
 .text.UARTConsolePutc
                0x800031c4       0x38 /home/william/AM335X_StarterWare_02_00_01_01/binary/armv7a/gcc/am335x/beaglebone/platform/Debug/libplatform.a(uartConsole.o)
                0x800031c4                UARTConsolePutc
 .text.WatchdogTimer1ModuleClkConfig
                0x800031fc      0x248 /home/william/AM335X_StarterWare_02_00_01_01/binary/armv7a/gcc/am335x/beaglebone/platform/Debug/libplatform.a(watchdog.o)
                0x800031fc                WatchdogTimer1ModuleClkConfig
 .text.IntDefaultHandler
                0x80003444       0x14 /home/william/AM335X_StarterWare_02_00_01_01/binary/armv7a/gcc/am335x/system_config/Debug/libsystem_config.a(interrupt.o)
 .text.IntRegister
                0x80003458       0x34 /home/william/AM335X_StarterWare_02_00_01_01/binary/armv7a/gcc/am335x/system_config/Debug/libsystem_config.a(interrupt.o)
                0x80003458                IntRegister
 .text.IntAINTCInit
                0x8000348c       0x90 /home/william/AM335X_StarterWare_02_00_01_01/binary/armv7a/gcc/am335x/system_config/Debug/libsystem_config.a(interrupt.o)
                0x8000348c                IntAINTCInit
 .text.IntPrioritySet
                0x8000351c       0x50 /home/william/AM335X_StarterWare_02_00_01_01/binary/armv7a/gcc/am335x/system_config/Debug/libsystem_config.a(interrupt.o)
                0x8000351c                IntPrioritySet
 .text.IntSystemEnable
                0x8000356c       0x4c /home/william/AM335X_StarterWare_02_00_01_01/binary/armv7a/gcc/am335x/system_config/Debug/libsystem_config.a(interrupt.o)
                0x8000356c                IntSystemEnable
 .text.IntMasterIRQEnable
                0x800035b8       0x18 /home/william/AM335X_StarterWare_02_00_01_01/binary/armv7a/gcc/am335x/system_config/Debug/libsystem_config.a(interrupt.o)
                0x800035b8                IntMasterIRQEnable
 .text.start_boot
                0x800035d0       0x24 /home/william/AM335X_StarterWare_02_00_01_01/binary/armv7a/gcc/am335x/system_config/Debug/libsystem_config.a(startup.o)
                0x800035d0                start_boot
 .text.CopyVectorTable
                0x800035f4       0x98 /home/william/AM335X_StarterWare_02_00_01_01/binary/armv7a/gcc/am335x/system_config/Debug/libsystem_config.a(startup.o)
 .text          0x8000368c      0x488 /home/william/AM335X_StarterWare_02_00_01_01/binary/armv7a/gcc/am335x/system_config/Debug/libsystem_config.a(cp15.o)
                0x8000368c                CP15ICacheDisable
                0x800036a8                CP15DCacheDisable
                0x800036c4                CP15ICacheEnable
                0x800036d4                CP15DCacheEnable
                0x800036e4                CP15DCacheFlush
                0x80003778                CP15DCacheClean
                0x8000380c                CP15DCacheCleanFlush
                0x800038a0                CP15ICacheFlush
                0x800038b0                CP15DCacheCleanBuff
                0x80003904                CP15DCacheCleanFlushBuff
                0x80003958                CP15DCacheFlushBuff
                0x800039bc                CP15ICacheFlushBuff
                0x80003a10                CP15Ttb0Set
                0x80003a1c                CP15TlbInvalidate
                0x80003a28                CP15MMUDisable
                0x80003a40                CP15MMUEnable
                0x80003a54                CP15VectorBaseAddrSet
                0x80003a60                CP15BranchPredictorInvalidate
                0x80003a6c                CP15BranchPredictionEnable
                0x80003a7c                CP15BranchPredictionDisable
                0x80003a8c                CP15DomainAccessClientSet
                0x80003a9c                CP15ControlFeatureDisable
                0x80003ab0                CP15ControlFeatureEnable
                0x80003ac4                CP15TtbCtlTtb0Config
                0x80003ad4                CP15AuxControlFeatureEnable
                0x80003ae8                CP15AuxControlFeatureDisable
                0x80003afc                CP15MainIdPrimPartNumGet
 .text.CPUirqe  0x80003b14       0x24 /home/william/AM335X_StarterWare_02_00_01_01/binary/armv7a/gcc/am335x/system_config/Debug/libsystem_config.a(cpu.o)
                0x80003b14                CPUirqe
 .text          0x80003b38       0xf0 /home/william/AM335X_StarterWare_02_00_01_01/binary/armv7a/gcc/am335x/system_config/Debug/libsystem_config.a(exceptionhandler.o)
                0x80003b38                SVC_Handler
                0x80003b60                IRQHandler
                0x80003c0c                FIQHandler
                0x80003c10                UndefInstHandler
                0x80003c10                AbortHandler
 .text          0x80003c28      0x114 /home/william/cmpt433/linaro-gcc/gcc-arm-none-eabi-4_7-2012q4/lib/gcc/arm-none-eabi/4.7.3//libgcc.a(_udivsi3.o)
                0x80003c28                __udivsi3
                0x80003c28                __aeabi_uidiv
                0x80003d1c                __aeabi_uidivmod
 .text          0x80003d3c      0x148 /home/william/cmpt433/linaro-gcc/gcc-arm-none-eabi-4_7-2012q4/lib/gcc/arm-none-eabi/4.7.3//libgcc.a(_divsi3.o)
                0x80003d3c                __aeabi_idiv
                0x80003d3c                __divsi3
                0x80003e64                __aeabi_idivmod
 .text          0x80003e84        0x4 /home/william/cmpt433/linaro-gcc/gcc-arm-none-eabi-4_7-2012q4/lib/gcc/arm-none-eabi/4.7.3//libgcc.a(_dvmd_tls.o)
                0x80003e84                __aeabi_ldiv0
                0x80003e84                __aeabi_idiv0
 *(.rodata*)
 .rodata        0x80003e88      0x298 Debug/main.o
 .rodata        0x80004120       0x50 /home/william/AM335X_StarterWare_02_00_01_01/binary/armv7a/gcc/utils/Debug/libutils.a(consoleUtils.o)
 .rodata        0x80004170       0x60 /home/william/AM335X_StarterWare_02_00_01_01/binary/armv7a/gcc/utils/Debug/libutils.a(uartStdio.o)
 .rodata.g_pcHex
                0x800041d0        0x4 /home/william/AM335X_StarterWare_02_00_01_01/binary/armv7a/gcc/utils/Debug/libutils.a(uartStdio.o)
 .rodata.AM335X_VECTOR_BASE
                0x800041d4        0x4 /home/william/AM335X_StarterWare_02_00_01_01/binary/armv7a/gcc/am335x/system_config/Debug/libsystem_config.a(startup.o)
                0x800041d4                AM335X_VECTOR_BASE
 .rodata.vecTbl
                0x800041d8       0x38 /home/william/AM335X_StarterWare_02_00_01_01/binary/armv7a/gcc/am335x/system_config/Debug/libsystem_config.a(startup.o)

.glue_7         0x80004210        0x0
 .glue_7        0x00000000        0x0 linker stubs

.glue_7t        0x80004210        0x0
 .glue_7t       0x00000000        0x0 linker stubs

.vfp11_veneer   0x80004210        0x0
 .vfp11_veneer  0x00000000        0x0 linker stubs

.v4_bx          0x80004210        0x0
 .v4_bx         0x00000000        0x0 linker stubs

.iplt           0x80004210        0x0
 .iplt          0x00000000        0x0 Debug/joystick.o

.rel.dyn        0x80004210        0x0
 .rel.iplt      0x00000000        0x0 Debug/joystick.o

.data           0x80004210        0x3
                0x80004210                . = ALIGN (0x4)
 *(.data*)
 .data.speed    0x80004210        0x1 Debug/leds.o
 .data.mode     0x80004211        0x1 Debug/leds.o
 .data.hittingWD
                0x80004212        0x1 Debug/timer.o

.igot.plt       0x80004214        0x0
 .igot.plt      0x00000000        0x0 Debug/joystick.o

.bss            0x80004214      0x21c
                0x80004214                . = ALIGN (0x4)
                0x80004214                _bss_start = .
 *(.bss*)
 .bss.flashingTime
                0x80004214        0x4 Debug/leds.o
 .bss.s_rxByte  0x80004218        0x1 Debug/main.o
 *fill*         0x80004219        0x3 00
 .bss.g_rxIsrCallback
                0x8000421c        0x4 Debug/serial.o
 .bss.s_flagIsr
                0x80004220        0x1 Debug/timer.o
 *fill*         0x80004221        0x3 00
 .bss.s_isrCallback
                0x80004224        0x4 Debug/timer.o
 .bss.triggerCounter.4167
                0x80004228        0x4 Debug/wdtimer.o
 .bss.ConsoleType
                0x8000422c        0x1 /home/william/AM335X_StarterWare_02_00_01_01/binary/armv7a/gcc/utils/Debug/libutils.a(consoleUtils.o)
 *(COMMON)
 *fill*         0x8000422d        0x3 00
 COMMON         0x80004230      0x200 /home/william/AM335X_StarterWare_02_00_01_01/binary/armv7a/gcc/am335x/system_config/Debug/libsystem_config.a(interrupt.o)
                0x80004230                fnRAMVectors
                0x80004430                _bss_end = .

.heap           0x80004430      0x800
                0x80004430                . = ALIGN (0x4)
                0x80004430                __end__ = .
                0x80004430                end = __end__
                0x80004430                __HeapBase = __end__
 *(.heap*)
                0x80004c30                . = (. + 0x800)
 *fill*         0x80004430      0x800 00
                0x80004c30                __HeapLimit = .

.stack          0x80004c30  0x7fffff8
                0x80004c30                . = ALIGN (0x4)
                0x80004c30                __StackLimit = .
 *(.stack*)
                0x88004c28                . = (. + 0x7fffff8)
 *fill*         0x80004c30  0x7fffff8 00
                0x88004c28                __StackTop = .
                0x88004c28                _stack = __StackTop
OUTPUT(Debug/lightBouncer.out elf32-littlearm)

.debug_info     0x00000000     0x4453
 .debug_info    0x00000000       0xd8 Debug/joystick.o
 .debug_info    0x000000d8      0x279 Debug/leds.o
 .debug_info    0x00000351      0x177 Debug/main.o
 .debug_info    0x000004c8      0x180 Debug/serial.o
 .debug_info    0x00000648      0x19c Debug/timer.o
 .debug_info    0x000007e4       0x7d Debug/wdtimer.o
 .debug_info    0x00000861      0x5d0 /home/william/AM335X_StarterWare_02_00_01_01/binary/armv7a/gcc/am335x/drivers/Debug/libdrivers.a(dmtimer.o)
 .debug_info    0x00000e31      0x7b3 /home/william/AM335X_StarterWare_02_00_01_01/binary/armv7a/gcc/am335x/drivers/Debug/libdrivers.a(gpio_v2.o)
 .debug_info    0x000015e4     0x14ab /home/william/AM335X_StarterWare_02_00_01_01/binary/armv7a/gcc/am335x/drivers/Debug/libdrivers.a(uart_irda_cir.o)
 .debug_info    0x00002a8f      0x45c /home/william/AM335X_StarterWare_02_00_01_01/binary/armv7a/gcc/am335x/drivers/Debug/libdrivers.a(watchdog.o)
 .debug_info    0x00002eeb      0x29a /home/william/AM335X_StarterWare_02_00_01_01/binary/armv7a/gcc/utils/Debug/libutils.a(consoleUtils.o)
 .debug_info    0x00003185      0x69a /home/william/AM335X_StarterWare_02_00_01_01/binary/armv7a/gcc/utils/Debug/libutils.a(uartStdio.o)
 .debug_info    0x0000381f       0xd3 /home/william/AM335X_StarterWare_02_00_01_01/binary/armv7a/gcc/am335x/beaglebone/platform/Debug/libplatform.a(dmtimer.o)
 .debug_info    0x000038f2       0xdd /home/william/AM335X_StarterWare_02_00_01_01/binary/armv7a/gcc/am335x/beaglebone/platform/Debug/libplatform.a(gpio.o)
 .debug_info    0x000039cf       0x7e /home/william/AM335X_StarterWare_02_00_01_01/binary/armv7a/gcc/am335x/beaglebone/platform/Debug/libplatform.a(uart.o)
 .debug_info    0x00003a4d      0x156 /home/william/AM335X_StarterWare_02_00_01_01/binary/armv7a/gcc/am335x/beaglebone/platform/Debug/libplatform.a(uartConsole.o)
 .debug_info    0x00003ba3       0x55 /home/william/AM335X_StarterWare_02_00_01_01/binary/armv7a/gcc/am335x/beaglebone/platform/Debug/libplatform.a(watchdog.o)
 .debug_info    0x00003bf8       0xab /home/william/AM335X_StarterWare_02_00_01_01/binary/armv7a/gcc/am335x/system_config/Debug/libsystem_config.a(init.o)
 .debug_info    0x00003ca3      0x46f /home/william/AM335X_StarterWare_02_00_01_01/binary/armv7a/gcc/am335x/system_config/Debug/libsystem_config.a(interrupt.o)
 .debug_info    0x00004112       0xe0 /home/william/AM335X_StarterWare_02_00_01_01/binary/armv7a/gcc/am335x/system_config/Debug/libsystem_config.a(startup.o)
 .debug_info    0x000041f2       0xab /home/william/AM335X_StarterWare_02_00_01_01/binary/armv7a/gcc/am335x/system_config/Debug/libsystem_config.a(cp15.o)
 .debug_info    0x0000429d       0xf8 /home/william/AM335X_StarterWare_02_00_01_01/binary/armv7a/gcc/am335x/system_config/Debug/libsystem_config.a(cpu.o)
 .debug_info    0x00004395       0xbe /home/william/AM335X_StarterWare_02_00_01_01/binary/armv7a/gcc/am335x/system_config/Debug/libsystem_config.a(exceptionhandler.o)

.debug_abbrev   0x00000000     0x115e
 .debug_abbrev  0x00000000       0x8a Debug/joystick.o
 .debug_abbrev  0x0000008a      0x12f Debug/leds.o
 .debug_abbrev  0x000001b9       0xc9 Debug/main.o
 .debug_abbrev  0x00000282       0xf1 Debug/serial.o
 .debug_abbrev  0x00000373       0xdb Debug/timer.o
 .debug_abbrev  0x0000044e       0x60 Debug/wdtimer.o
 .debug_abbrev  0x000004ae      0x122 /home/william/AM335X_StarterWare_02_00_01_01/binary/armv7a/gcc/am335x/drivers/Debug/libdrivers.a(dmtimer.o)
 .debug_abbrev  0x000005d0      0x124 /home/william/AM335X_StarterWare_02_00_01_01/binary/armv7a/gcc/am335x/drivers/Debug/libdrivers.a(gpio_v2.o)
 .debug_abbrev  0x000006f4      0x14e /home/william/AM335X_StarterWare_02_00_01_01/binary/armv7a/gcc/am335x/drivers/Debug/libdrivers.a(uart_irda_cir.o)
 .debug_abbrev  0x00000842      0x108 /home/william/AM335X_StarterWare_02_00_01_01/binary/armv7a/gcc/am335x/drivers/Debug/libdrivers.a(watchdog.o)
 .debug_abbrev  0x0000094a      0x156 /home/william/AM335X_StarterWare_02_00_01_01/binary/armv7a/gcc/utils/Debug/libutils.a(consoleUtils.o)
 .debug_abbrev  0x00000aa0      0x186 /home/william/AM335X_StarterWare_02_00_01_01/binary/armv7a/gcc/utils/Debug/libutils.a(uartStdio.o)
 .debug_abbrev  0x00000c26       0x7a /home/william/AM335X_StarterWare_02_00_01_01/binary/armv7a/gcc/am335x/beaglebone/platform/Debug/libplatform.a(dmtimer.o)
 .debug_abbrev  0x00000ca0       0x7a /home/william/AM335X_StarterWare_02_00_01_01/binary/armv7a/gcc/am335x/beaglebone/platform/Debug/libplatform.a(gpio.o)
 .debug_abbrev  0x00000d1a       0x62 /home/william/AM335X_StarterWare_02_00_01_01/binary/armv7a/gcc/am335x/beaglebone/platform/Debug/libplatform.a(uart.o)
 .debug_abbrev  0x00000d7c       0xa3 /home/william/AM335X_StarterWare_02_00_01_01/binary/armv7a/gcc/am335x/beaglebone/platform/Debug/libplatform.a(uartConsole.o)
 .debug_abbrev  0x00000e1f       0x39 /home/william/AM335X_StarterWare_02_00_01_01/binary/armv7a/gcc/am335x/beaglebone/platform/Debug/libplatform.a(watchdog.o)
 .debug_abbrev  0x00000e58       0x14 /home/william/AM335X_StarterWare_02_00_01_01/binary/armv7a/gcc/am335x/system_config/Debug/libsystem_config.a(init.o)
 .debug_abbrev  0x00000e6c      0x1c2 /home/william/AM335X_StarterWare_02_00_01_01/binary/armv7a/gcc/am335x/system_config/Debug/libsystem_config.a(interrupt.o)
 .debug_abbrev  0x0000102e       0xa4 /home/william/AM335X_StarterWare_02_00_01_01/binary/armv7a/gcc/am335x/system_config/Debug/libsystem_config.a(startup.o)
 .debug_abbrev  0x000010d2       0x14 /home/william/AM335X_StarterWare_02_00_01_01/binary/armv7a/gcc/am335x/system_config/Debug/libsystem_config.a(cp15.o)
 .debug_abbrev  0x000010e6       0x64 /home/william/AM335X_StarterWare_02_00_01_01/binary/armv7a/gcc/am335x/system_config/Debug/libsystem_config.a(cpu.o)
 .debug_abbrev  0x0000114a       0x14 /home/william/AM335X_StarterWare_02_00_01_01/binary/armv7a/gcc/am335x/system_config/Debug/libsystem_config.a(exceptionhandler.o)

.debug_loc      0x00000000     0x2e60
 .debug_loc     0x00000000       0xb0 Debug/joystick.o
 .debug_loc     0x000000b0      0x1b8 Debug/leds.o
 .debug_loc     0x00000268      0x108 Debug/main.o
 .debug_loc     0x00000370       0xdc Debug/serial.o
 .debug_loc     0x0000044c      0x18c Debug/timer.o
 .debug_loc     0x000005d8       0x58 Debug/wdtimer.o
 .debug_loc     0x00000630      0x478 /home/william/AM335X_StarterWare_02_00_01_01/binary/armv7a/gcc/am335x/drivers/Debug/libdrivers.a(dmtimer.o)
 .debug_loc     0x00000aa8      0x4fc /home/william/AM335X_StarterWare_02_00_01_01/binary/armv7a/gcc/am335x/drivers/Debug/libdrivers.a(gpio_v2.o)
 .debug_loc     0x00000fa4      0xcb8 /home/william/AM335X_StarterWare_02_00_01_01/binary/armv7a/gcc/am335x/drivers/Debug/libdrivers.a(uart_irda_cir.o)
 .debug_loc     0x00001c5c      0x39c /home/william/AM335X_StarterWare_02_00_01_01/binary/armv7a/gcc/am335x/drivers/Debug/libdrivers.a(watchdog.o)
 .debug_loc     0x00001ff8      0x178 /home/william/AM335X_StarterWare_02_00_01_01/binary/armv7a/gcc/utils/Debug/libutils.a(consoleUtils.o)
 .debug_loc     0x00002170      0x274 /home/william/AM335X_StarterWare_02_00_01_01/binary/armv7a/gcc/utils/Debug/libutils.a(uartStdio.o)
 .debug_loc     0x000023e4      0x108 /home/william/AM335X_StarterWare_02_00_01_01/binary/armv7a/gcc/am335x/beaglebone/platform/Debug/libplatform.a(dmtimer.o)
 .debug_loc     0x000024ec       0xdc /home/william/AM335X_StarterWare_02_00_01_01/binary/armv7a/gcc/am335x/beaglebone/platform/Debug/libplatform.a(gpio.o)
 .debug_loc     0x000025c8       0x58 /home/william/AM335X_StarterWare_02_00_01_01/binary/armv7a/gcc/am335x/beaglebone/platform/Debug/libplatform.a(uart.o)
 .debug_loc     0x00002620      0x108 /home/william/AM335X_StarterWare_02_00_01_01/binary/armv7a/gcc/am335x/beaglebone/platform/Debug/libplatform.a(uartConsole.o)
 .debug_loc     0x00002728       0x2c /home/william/AM335X_StarterWare_02_00_01_01/binary/armv7a/gcc/am335x/beaglebone/platform/Debug/libplatform.a(watchdog.o)
 .debug_loc     0x00002754      0x554 /home/william/AM335X_StarterWare_02_00_01_01/binary/armv7a/gcc/am335x/system_config/Debug/libsystem_config.a(interrupt.o)
 .debug_loc     0x00002ca8       0x58 /home/william/AM335X_StarterWare_02_00_01_01/binary/armv7a/gcc/am335x/system_config/Debug/libsystem_config.a(startup.o)
 .debug_loc     0x00002d00      0x160 /home/william/AM335X_StarterWare_02_00_01_01/binary/armv7a/gcc/am335x/system_config/Debug/libsystem_config.a(cpu.o)

.debug_aranges  0x00000000      0xaa8
 .debug_aranges
                0x00000000       0x38 Debug/joystick.o
 .debug_aranges
                0x00000038       0x68 Debug/leds.o
 .debug_aranges
                0x000000a0       0x48 Debug/main.o
 .debug_aranges
                0x000000e8       0x40 Debug/serial.o
 .debug_aranges
                0x00000128       0x60 Debug/timer.o
 .debug_aranges
                0x00000188       0x28 Debug/wdtimer.o
 .debug_aranges
                0x000001b0       0xe8 /home/william/AM335X_StarterWare_02_00_01_01/binary/armv7a/gcc/am335x/drivers/Debug/libdrivers.a(dmtimer.o)
 .debug_aranges
                0x00000298      0x100 /home/william/AM335X_StarterWare_02_00_01_01/binary/armv7a/gcc/am335x/drivers/Debug/libdrivers.a(gpio_v2.o)
 .debug_aranges
                0x00000398      0x268 /home/william/AM335X_StarterWare_02_00_01_01/binary/armv7a/gcc/am335x/drivers/Debug/libdrivers.a(uart_irda_cir.o)
 .debug_aranges
                0x00000600       0xc0 /home/william/AM335X_StarterWare_02_00_01_01/binary/armv7a/gcc/am335x/drivers/Debug/libdrivers.a(watchdog.o)
 .debug_aranges
                0x000006c0       0x58 /home/william/AM335X_StarterWare_02_00_01_01/binary/armv7a/gcc/utils/Debug/libutils.a(consoleUtils.o)
 .debug_aranges
                0x00000718       0x88 /home/william/AM335X_StarterWare_02_00_01_01/binary/armv7a/gcc/utils/Debug/libutils.a(uartStdio.o)
 .debug_aranges
                0x000007a0       0x48 /home/william/AM335X_StarterWare_02_00_01_01/binary/armv7a/gcc/am335x/beaglebone/platform/Debug/libplatform.a(dmtimer.o)
 .debug_aranges
                0x000007e8       0x40 /home/william/AM335X_StarterWare_02_00_01_01/binary/armv7a/gcc/am335x/beaglebone/platform/Debug/libplatform.a(gpio.o)
 .debug_aranges
                0x00000828       0x28 /home/william/AM335X_StarterWare_02_00_01_01/binary/armv7a/gcc/am335x/beaglebone/platform/Debug/libplatform.a(uart.o)
 .debug_aranges
                0x00000850       0x48 /home/william/AM335X_StarterWare_02_00_01_01/binary/armv7a/gcc/am335x/beaglebone/platform/Debug/libplatform.a(uartConsole.o)
 .debug_aranges
                0x00000898       0x20 /home/william/AM335X_StarterWare_02_00_01_01/binary/armv7a/gcc/am335x/beaglebone/platform/Debug/libplatform.a(watchdog.o)
 .debug_aranges
                0x000008b8       0x20 /home/william/AM335X_StarterWare_02_00_01_01/binary/armv7a/gcc/am335x/system_config/Debug/libsystem_config.a(init.o)
 .debug_aranges
                0x000008d8      0x110 /home/william/AM335X_StarterWare_02_00_01_01/binary/armv7a/gcc/am335x/system_config/Debug/libsystem_config.a(interrupt.o)
 .debug_aranges
                0x000009e8       0x28 /home/william/AM335X_StarterWare_02_00_01_01/binary/armv7a/gcc/am335x/system_config/Debug/libsystem_config.a(startup.o)
 .debug_aranges
                0x00000a10       0x20 /home/william/AM335X_StarterWare_02_00_01_01/binary/armv7a/gcc/am335x/system_config/Debug/libsystem_config.a(cp15.o)
 .debug_aranges
                0x00000a30       0x58 /home/william/AM335X_StarterWare_02_00_01_01/binary/armv7a/gcc/am335x/system_config/Debug/libsystem_config.a(cpu.o)
 .debug_aranges
                0x00000a88       0x20 /home/william/AM335X_StarterWare_02_00_01_01/binary/armv7a/gcc/am335x/system_config/Debug/libsystem_config.a(exceptionhandler.o)

.debug_ranges   0x00000000      0x908
 .debug_ranges  0x00000000       0x28 Debug/joystick.o
 .debug_ranges  0x00000028       0x58 Debug/leds.o
 .debug_ranges  0x00000080       0x38 Debug/main.o
 .debug_ranges  0x000000b8       0x30 Debug/serial.o
 .debug_ranges  0x000000e8       0x50 Debug/timer.o
 .debug_ranges  0x00000138       0x18 Debug/wdtimer.o
 .debug_ranges  0x00000150       0xd8 /home/william/AM335X_StarterWare_02_00_01_01/binary/armv7a/gcc/am335x/drivers/Debug/libdrivers.a(dmtimer.o)
 .debug_ranges  0x00000228       0xf0 /home/william/AM335X_StarterWare_02_00_01_01/binary/armv7a/gcc/am335x/drivers/Debug/libdrivers.a(gpio_v2.o)
 .debug_ranges  0x00000318      0x258 /home/william/AM335X_StarterWare_02_00_01_01/binary/armv7a/gcc/am335x/drivers/Debug/libdrivers.a(uart_irda_cir.o)
 .debug_ranges  0x00000570       0xb0 /home/william/AM335X_StarterWare_02_00_01_01/binary/armv7a/gcc/am335x/drivers/Debug/libdrivers.a(watchdog.o)
 .debug_ranges  0x00000620       0x48 /home/william/AM335X_StarterWare_02_00_01_01/binary/armv7a/gcc/utils/Debug/libutils.a(consoleUtils.o)
 .debug_ranges  0x00000668       0x78 /home/william/AM335X_StarterWare_02_00_01_01/binary/armv7a/gcc/utils/Debug/libutils.a(uartStdio.o)
 .debug_ranges  0x000006e0       0x38 /home/william/AM335X_StarterWare_02_00_01_01/binary/armv7a/gcc/am335x/beaglebone/platform/Debug/libplatform.a(dmtimer.o)
 .debug_ranges  0x00000718       0x30 /home/william/AM335X_StarterWare_02_00_01_01/binary/armv7a/gcc/am335x/beaglebone/platform/Debug/libplatform.a(gpio.o)
 .debug_ranges  0x00000748       0x18 /home/william/AM335X_StarterWare_02_00_01_01/binary/armv7a/gcc/am335x/beaglebone/platform/Debug/libplatform.a(uart.o)
 .debug_ranges  0x00000760       0x38 /home/william/AM335X_StarterWare_02_00_01_01/binary/armv7a/gcc/am335x/beaglebone/platform/Debug/libplatform.a(uartConsole.o)
 .debug_ranges  0x00000798       0x10 /home/william/AM335X_StarterWare_02_00_01_01/binary/armv7a/gcc/am335x/beaglebone/platform/Debug/libplatform.a(watchdog.o)
 .debug_ranges  0x000007a8      0x100 /home/william/AM335X_StarterWare_02_00_01_01/binary/armv7a/gcc/am335x/system_config/Debug/libsystem_config.a(interrupt.o)
 .debug_ranges  0x000008a8       0x18 /home/william/AM335X_StarterWare_02_00_01_01/binary/armv7a/gcc/am335x/system_config/Debug/libsystem_config.a(startup.o)
 .debug_ranges  0x000008c0       0x48 /home/william/AM335X_StarterWare_02_00_01_01/binary/armv7a/gcc/am335x/system_config/Debug/libsystem_config.a(cpu.o)

.debug_line     0x00000000     0x2c82
 .debug_line    0x00000000       0xa6 Debug/joystick.o
 .debug_line    0x000000a6      0x20d Debug/leds.o
 .debug_line    0x000002b3      0x17d Debug/main.o
 .debug_line    0x00000430      0x177 Debug/serial.o
 .debug_line    0x000005a7       0xd8 Debug/timer.o
 .debug_line    0x0000067f       0x56 Debug/wdtimer.o
 .debug_line    0x000006d5      0x2f7 /home/william/AM335X_StarterWare_02_00_01_01/binary/armv7a/gcc/am335x/drivers/Debug/libdrivers.a(dmtimer.o)
 .debug_line    0x000009cc      0x2fe /home/william/AM335X_StarterWare_02_00_01_01/binary/armv7a/gcc/am335x/drivers/Debug/libdrivers.a(gpio_v2.o)
 .debug_line    0x00000cca      0x741 /home/william/AM335X_StarterWare_02_00_01_01/binary/armv7a/gcc/am335x/drivers/Debug/libdrivers.a(uart_irda_cir.o)
 .debug_line    0x0000140b      0x221 /home/william/AM335X_StarterWare_02_00_01_01/binary/armv7a/gcc/am335x/drivers/Debug/libdrivers.a(watchdog.o)
 .debug_line    0x0000162c      0x1ad /home/william/AM335X_StarterWare_02_00_01_01/binary/armv7a/gcc/utils/Debug/libutils.a(consoleUtils.o)
 .debug_line    0x000017d9      0x644 /home/william/AM335X_StarterWare_02_00_01_01/binary/armv7a/gcc/utils/Debug/libutils.a(uartStdio.o)
 .debug_line    0x00001e1d      0x304 /home/william/AM335X_StarterWare_02_00_01_01/binary/armv7a/gcc/am335x/beaglebone/platform/Debug/libplatform.a(dmtimer.o)
 .debug_line    0x00002121      0x142 /home/william/AM335X_StarterWare_02_00_01_01/binary/armv7a/gcc/am335x/beaglebone/platform/Debug/libplatform.a(gpio.o)
 .debug_line    0x00002263      0x16a /home/william/AM335X_StarterWare_02_00_01_01/binary/armv7a/gcc/am335x/beaglebone/platform/Debug/libplatform.a(uart.o)
 .debug_line    0x000023cd       0xd2 /home/william/AM335X_StarterWare_02_00_01_01/binary/armv7a/gcc/am335x/beaglebone/platform/Debug/libplatform.a(uartConsole.o)
 .debug_line    0x0000249f       0xdc /home/william/AM335X_StarterWare_02_00_01_01/binary/armv7a/gcc/am335x/beaglebone/platform/Debug/libplatform.a(watchdog.o)
 .debug_line    0x0000257b       0x95 /home/william/AM335X_StarterWare_02_00_01_01/binary/armv7a/gcc/am335x/system_config/Debug/libsystem_config.a(init.o)
 .debug_line    0x00002610      0x2bb /home/william/AM335X_StarterWare_02_00_01_01/binary/armv7a/gcc/am335x/system_config/Debug/libsystem_config.a(interrupt.o)
 .debug_line    0x000028cb       0x96 /home/william/AM335X_StarterWare_02_00_01_01/binary/armv7a/gcc/am335x/system_config/Debug/libsystem_config.a(startup.o)
 .debug_line    0x00002961      0x18a /home/william/AM335X_StarterWare_02_00_01_01/binary/armv7a/gcc/am335x/system_config/Debug/libsystem_config.a(cp15.o)
 .debug_line    0x00002aeb       0xde /home/william/AM335X_StarterWare_02_00_01_01/binary/armv7a/gcc/am335x/system_config/Debug/libsystem_config.a(cpu.o)
 .debug_line    0x00002bc9       0xb9 /home/william/AM335X_StarterWare_02_00_01_01/binary/armv7a/gcc/am335x/system_config/Debug/libsystem_config.a(exceptionhandler.o)

.debug_str      0x00000000     0x1fb3
 .debug_str     0x00000000      0x13b Debug/joystick.o
                                0x16f (size before relaxing)
 .debug_str     0x0000013b       0xe6 Debug/leds.o
                                0x1ea (size before relaxing)
 .debug_str     0x00000221       0xab Debug/main.o
                                0x1c4 (size before relaxing)
 .debug_str     0x000002cc       0xbe Debug/serial.o
                                0x1df (size before relaxing)
 .debug_str     0x0000038a       0xd2 Debug/timer.o
                                0x1e8 (size before relaxing)
 .debug_str     0x0000045c       0x37 Debug/wdtimer.o
                                 0xd2 (size before relaxing)
 .debug_str     0x00000493      0x30e /home/william/AM335X_StarterWare_02_00_01_01/binary/armv7a/gcc/am335x/drivers/Debug/libdrivers.a(dmtimer.o)
                                0x372 (size before relaxing)
 .debug_str     0x000007a1      0x307 /home/william/AM335X_StarterWare_02_00_01_01/binary/armv7a/gcc/am335x/drivers/Debug/libdrivers.a(gpio_v2.o)
                                0x3cb (size before relaxing)
 .debug_str     0x00000aa8      0x87d /home/william/AM335X_StarterWare_02_00_01_01/binary/armv7a/gcc/am335x/drivers/Debug/libdrivers.a(uart_irda_cir.o)
                                0x96b (size before relaxing)
 .debug_str     0x00001325      0x268 /home/william/AM335X_StarterWare_02_00_01_01/binary/armv7a/gcc/am335x/drivers/Debug/libdrivers.a(watchdog.o)
                                0x32a (size before relaxing)
 .debug_str     0x0000158d      0x162 /home/william/AM335X_StarterWare_02_00_01_01/binary/armv7a/gcc/utils/Debug/libutils.a(consoleUtils.o)
                                0x28b (size before relaxing)
 .debug_str     0x000016ef      0x1a1 /home/william/AM335X_StarterWare_02_00_01_01/binary/armv7a/gcc/utils/Debug/libutils.a(uartStdio.o)
                                0x2a8 (size before relaxing)
 .debug_str     0x00001890      0x126 /home/william/AM335X_StarterWare_02_00_01_01/binary/armv7a/gcc/am335x/beaglebone/platform/Debug/libplatform.a(dmtimer.o)
                                0x18a (size before relaxing)
 .debug_str     0x000019b6       0xad /home/william/AM335X_StarterWare_02_00_01_01/binary/armv7a/gcc/am335x/beaglebone/platform/Debug/libplatform.a(gpio.o)
                                0x173 (size before relaxing)
 .debug_str     0x00001a63       0x5f /home/william/AM335X_StarterWare_02_00_01_01/binary/armv7a/gcc/am335x/beaglebone/platform/Debug/libplatform.a(uart.o)
                                0x125 (size before relaxing)
 .debug_str     0x00001ac2       0xa3 /home/william/AM335X_StarterWare_02_00_01_01/binary/armv7a/gcc/am335x/beaglebone/platform/Debug/libplatform.a(uartConsole.o)
                                0x19f (size before relaxing)
 .debug_str     0x00001b65       0x50 /home/william/AM335X_StarterWare_02_00_01_01/binary/armv7a/gcc/am335x/beaglebone/platform/Debug/libplatform.a(watchdog.o)
                                0x116 (size before relaxing)
 .debug_str     0x00001bb5      0x2ef /home/william/AM335X_StarterWare_02_00_01_01/binary/armv7a/gcc/am335x/system_config/Debug/libsystem_config.a(interrupt.o)
                                0x381 (size before relaxing)
 .debug_str     0x00001ea4       0x70 /home/william/AM335X_StarterWare_02_00_01_01/binary/armv7a/gcc/am335x/system_config/Debug/libsystem_config.a(startup.o)
                                0x136 (size before relaxing)
 .debug_str     0x00001f14       0x9f /home/william/AM335X_StarterWare_02_00_01_01/binary/armv7a/gcc/am335x/system_config/Debug/libsystem_config.a(cpu.o)
                                0x148 (size before relaxing)

.comment        0x00000000       0x70
 .comment       0x00000000       0x70 Debug/joystick.o
                                 0x71 (size before relaxing)
 .comment       0x00000000       0x71 Debug/leds.o
 .comment       0x00000000       0x71 Debug/main.o
 .comment       0x00000000       0x71 Debug/serial.o
 .comment       0x00000000       0x71 Debug/timer.o
 .comment       0x00000000       0x71 Debug/wdtimer.o
 .comment       0x00000000       0x71 /home/william/AM335X_StarterWare_02_00_01_01/binary/armv7a/gcc/am335x/drivers/Debug/libdrivers.a(dmtimer.o)
 .comment       0x00000000       0x71 /home/william/AM335X_StarterWare_02_00_01_01/binary/armv7a/gcc/am335x/drivers/Debug/libdrivers.a(gpio_v2.o)
 .comment       0x00000000       0x71 /home/william/AM335X_StarterWare_02_00_01_01/binary/armv7a/gcc/am335x/drivers/Debug/libdrivers.a(uart_irda_cir.o)
 .comment       0x00000000       0x71 /home/william/AM335X_StarterWare_02_00_01_01/binary/armv7a/gcc/am335x/drivers/Debug/libdrivers.a(watchdog.o)
 .comment       0x00000000       0x71 /home/william/AM335X_StarterWare_02_00_01_01/binary/armv7a/gcc/utils/Debug/libutils.a(consoleUtils.o)
 .comment       0x00000000       0x71 /home/william/AM335X_StarterWare_02_00_01_01/binary/armv7a/gcc/utils/Debug/libutils.a(uartStdio.o)
 .comment       0x00000000       0x71 /home/william/AM335X_StarterWare_02_00_01_01/binary/armv7a/gcc/am335x/beaglebone/platform/Debug/libplatform.a(dmtimer.o)
 .comment       0x00000000       0x71 /home/william/AM335X_StarterWare_02_00_01_01/binary/armv7a/gcc/am335x/beaglebone/platform/Debug/libplatform.a(gpio.o)
 .comment       0x00000000       0x71 /home/william/AM335X_StarterWare_02_00_01_01/binary/armv7a/gcc/am335x/beaglebone/platform/Debug/libplatform.a(uart.o)
 .comment       0x00000000       0x71 /home/william/AM335X_StarterWare_02_00_01_01/binary/armv7a/gcc/am335x/beaglebone/platform/Debug/libplatform.a(uartConsole.o)
 .comment       0x00000000       0x71 /home/william/AM335X_StarterWare_02_00_01_01/binary/armv7a/gcc/am335x/beaglebone/platform/Debug/libplatform.a(watchdog.o)
 .comment       0x00000000       0x71 /home/william/AM335X_StarterWare_02_00_01_01/binary/armv7a/gcc/am335x/system_config/Debug/libsystem_config.a(interrupt.o)
 .comment       0x00000000       0x71 /home/william/AM335X_StarterWare_02_00_01_01/binary/armv7a/gcc/am335x/system_config/Debug/libsystem_config.a(startup.o)
 .comment       0x00000000       0x71 /home/william/AM335X_StarterWare_02_00_01_01/binary/armv7a/gcc/am335x/system_config/Debug/libsystem_config.a(cpu.o)

.ARM.attributes
                0x00000000       0x3b
 .ARM.attributes
                0x00000000       0x37 Debug/joystick.o
 .ARM.attributes
                0x00000037       0x37 Debug/leds.o
 .ARM.attributes
                0x0000006e       0x37 Debug/main.o
 .ARM.attributes
                0x000000a5       0x37 Debug/serial.o
 .ARM.attributes
                0x000000dc       0x37 Debug/timer.o
 .ARM.attributes
                0x00000113       0x37 Debug/wdtimer.o
 .ARM.attributes
                0x0000014a       0x37 /home/william/AM335X_StarterWare_02_00_01_01/binary/armv7a/gcc/am335x/drivers/Debug/libdrivers.a(dmtimer.o)
 .ARM.attributes
                0x00000181       0x37 /home/william/AM335X_StarterWare_02_00_01_01/binary/armv7a/gcc/am335x/drivers/Debug/libdrivers.a(gpio_v2.o)
 .ARM.attributes
                0x000001b8       0x37 /home/william/AM335X_StarterWare_02_00_01_01/binary/armv7a/gcc/am335x/drivers/Debug/libdrivers.a(uart_irda_cir.o)
 .ARM.attributes
                0x000001ef       0x37 /home/william/AM335X_StarterWare_02_00_01_01/binary/armv7a/gcc/am335x/drivers/Debug/libdrivers.a(watchdog.o)
 .ARM.attributes
                0x00000226       0x37 /home/william/AM335X_StarterWare_02_00_01_01/binary/armv7a/gcc/utils/Debug/libutils.a(consoleUtils.o)
 .ARM.attributes
                0x0000025d       0x37 /home/william/AM335X_StarterWare_02_00_01_01/binary/armv7a/gcc/utils/Debug/libutils.a(uartStdio.o)
 .ARM.attributes
                0x00000294       0x37 /home/william/AM335X_StarterWare_02_00_01_01/binary/armv7a/gcc/am335x/beaglebone/platform/Debug/libplatform.a(dmtimer.o)
 .ARM.attributes
                0x000002cb       0x37 /home/william/AM335X_StarterWare_02_00_01_01/binary/armv7a/gcc/am335x/beaglebone/platform/Debug/libplatform.a(gpio.o)
 .ARM.attributes
                0x00000302       0x37 /home/william/AM335X_StarterWare_02_00_01_01/binary/armv7a/gcc/am335x/beaglebone/platform/Debug/libplatform.a(uart.o)
 .ARM.attributes
                0x00000339       0x37 /home/william/AM335X_StarterWare_02_00_01_01/binary/armv7a/gcc/am335x/beaglebone/platform/Debug/libplatform.a(uartConsole.o)
 .ARM.attributes
                0x00000370       0x37 /home/william/AM335X_StarterWare_02_00_01_01/binary/armv7a/gcc/am335x/beaglebone/platform/Debug/libplatform.a(watchdog.o)
 .ARM.attributes
                0x000003a7       0x23 /home/william/AM335X_StarterWare_02_00_01_01/binary/armv7a/gcc/am335x/system_config/Debug/libsystem_config.a(init.o)
 .ARM.attributes
                0x000003ca       0x3d /home/william/AM335X_StarterWare_02_00_01_01/binary/armv7a/gcc/am335x/system_config/Debug/libsystem_config.a(interrupt.o)
 .ARM.attributes
                0x00000407       0x3d /home/william/AM335X_StarterWare_02_00_01_01/binary/armv7a/gcc/am335x/system_config/Debug/libsystem_config.a(startup.o)
 .ARM.attributes
                0x00000444       0x23 /home/william/AM335X_StarterWare_02_00_01_01/binary/armv7a/gcc/am335x/system_config/Debug/libsystem_config.a(cp15.o)
 .ARM.attributes
                0x00000467       0x3d /home/william/AM335X_StarterWare_02_00_01_01/binary/armv7a/gcc/am335x/system_config/Debug/libsystem_config.a(cpu.o)
 .ARM.attributes
                0x000004a4       0x23 /home/william/AM335X_StarterWare_02_00_01_01/binary/armv7a/gcc/am335x/system_config/Debug/libsystem_config.a(exceptionhandler.o)
 .ARM.attributes
                0x000004c7       0x18 /home/william/cmpt433/linaro-gcc/gcc-arm-none-eabi-4_7-2012q4/lib/gcc/arm-none-eabi/4.7.3//libgcc.a(_udivsi3.o)
 .ARM.attributes
                0x000004df       0x18 /home/william/cmpt433/linaro-gcc/gcc-arm-none-eabi-4_7-2012q4/lib/gcc/arm-none-eabi/4.7.3//libgcc.a(_divsi3.o)
 .ARM.attributes
                0x000004f7       0x18 /home/william/cmpt433/linaro-gcc/gcc-arm-none-eabi-4_7-2012q4/lib/gcc/arm-none-eabi/4.7.3//libgcc.a(_dvmd_tls.o)

.debug_frame    0x00000000     0x1ca8
 .debug_frame   0x00000000       0x7c Debug/joystick.o
 .debug_frame   0x0000007c      0x11c Debug/leds.o
 .debug_frame   0x00000198       0xb4 Debug/main.o
 .debug_frame   0x0000024c       0x98 Debug/serial.o
 .debug_frame   0x000002e4       0xf8 Debug/timer.o
 .debug_frame   0x000003dc       0x48 Debug/wdtimer.o
 .debug_frame   0x00000424      0x2b4 /home/william/AM335X_StarterWare_02_00_01_01/binary/armv7a/gcc/am335x/drivers/Debug/libdrivers.a(dmtimer.o)
 .debug_frame   0x000006d8      0x2c8 /home/william/AM335X_StarterWare_02_00_01_01/binary/armv7a/gcc/am335x/drivers/Debug/libdrivers.a(gpio_v2.o)
 .debug_frame   0x000009a0      0x778 /home/william/AM335X_StarterWare_02_00_01_01/binary/armv7a/gcc/am335x/drivers/Debug/libdrivers.a(uart_irda_cir.o)
 .debug_frame   0x00001118      0x228 /home/william/AM335X_StarterWare_02_00_01_01/binary/armv7a/gcc/am335x/drivers/Debug/libdrivers.a(watchdog.o)
 .debug_frame   0x00001340      0x108 /home/william/AM335X_StarterWare_02_00_01_01/binary/armv7a/gcc/utils/Debug/libutils.a(consoleUtils.o)
 .debug_frame   0x00001448      0x1a8 /home/william/AM335X_StarterWare_02_00_01_01/binary/armv7a/gcc/utils/Debug/libutils.a(uartStdio.o)
 .debug_frame   0x000015f0       0xa0 /home/william/AM335X_StarterWare_02_00_01_01/binary/armv7a/gcc/am335x/beaglebone/platform/Debug/libplatform.a(dmtimer.o)
 .debug_frame   0x00001690       0x88 /home/william/AM335X_StarterWare_02_00_01_01/binary/armv7a/gcc/am335x/beaglebone/platform/Debug/libplatform.a(gpio.o)
 .debug_frame   0x00001718       0x40 /home/william/AM335X_StarterWare_02_00_01_01/binary/armv7a/gcc/am335x/beaglebone/platform/Debug/libplatform.a(uart.o)
 .debug_frame   0x00001758       0xb8 /home/william/AM335X_StarterWare_02_00_01_01/binary/armv7a/gcc/am335x/beaglebone/platform/Debug/libplatform.a(uartConsole.o)
 .debug_frame   0x00001810       0x28 /home/william/AM335X_StarterWare_02_00_01_01/binary/armv7a/gcc/am335x/beaglebone/platform/Debug/libplatform.a(watchdog.o)
 .debug_frame   0x00001838      0x314 /home/william/AM335X_StarterWare_02_00_01_01/binary/armv7a/gcc/am335x/system_config/Debug/libsystem_config.a(interrupt.o)
 .debug_frame   0x00001b4c       0x48 /home/william/AM335X_StarterWare_02_00_01_01/binary/armv7a/gcc/am335x/system_config/Debug/libsystem_config.a(startup.o)
 .debug_frame   0x00001b94       0xd4 /home/william/AM335X_StarterWare_02_00_01_01/binary/armv7a/gcc/am335x/system_config/Debug/libsystem_config.a(cpu.o)
 .debug_frame   0x00001c68       0x20 /home/william/cmpt433/linaro-gcc/gcc-arm-none-eabi-4_7-2012q4/lib/gcc/arm-none-eabi/4.7.3//libgcc.a(_udivsi3.o)
 .debug_frame   0x00001c88       0x20 /home/william/cmpt433/linaro-gcc/gcc-arm-none-eabi-4_7-2012q4/lib/gcc/arm-none-eabi/4.7.3//libgcc.a(_divsi3.o)
